Component: ARM Compiler 5.06 update 6 (build 750) Tool: armlink [4d35ed]

==============================================================================

Section Cross References

    main.o(i.MCboot) refers to usart.o(i.uart_init) for uart_init
    main.o(i.MCboot) refers to time_pwm.o(i.TIM1_PWM_INIT) for TIM1_PWM_INIT
    main.o(i.MCboot) refers to adc.o(i.ADC_INIT) for ADC_INIT
    main.o(i.MCboot) refers to gpio.o(i.GPIO_Trigger) for GPIO_Trigger
    main.o(i.MCboot) refers to observer.o(i.STO_Gains_Init) for STO_Gains_Init
    main.o(i.MCboot) refers to observer.o(i.STO_Init) for STO_Init
    main.o(i.MCboot) refers to piregulator.o(i.PID_Init) for PID_Init
    main.o(i.MCboot) refers to control.o(.bss) for PID_Speed_InitStructure
    main.o(i.SysTickConfig) refers to stm32f10x_rcc.o(i.RCC_APB2PeriphClockCmd) for RCC_APB2PeriphClockCmd
    main.o(i.SysTickConfig) refers to stm32f10x_gpio.o(i.GPIO_PinRemapConfig) for GPIO_PinRemapConfig
    main.o(i.SysTickConfig) refers to main.o(i.NVIC_SetPriority) for NVIC_SetPriority
    main.o(i.SysTickConfig) refers to system_stm32f10x.o(.data) for SystemCoreClock
    main.o(i.main) refers to main.o(i.SysTickConfig) for SysTickConfig
    main.o(i.main) refers to main.o(i.MCboot) for MCboot
    main.o(i.main) refers to usart.o(i.UARTC_PutChar) for UARTC_PutChar
    main.o(i.main) refers to control.o(i.MediumFrequencyTask) for MediumFrequencyTask
    main.o(i.main) refers to usart.o(i.UARTC_HandleTxd) for UARTC_HandleTxd
    system_stm32f10x.o(i.SetSysClock) refers to system_stm32f10x.o(i.SetSysClockTo72) for SetSysClockTo72
    system_stm32f10x.o(i.SystemCoreClockUpdate) refers to system_stm32f10x.o(.data) for SystemCoreClock
    system_stm32f10x.o(i.SystemInit) refers to system_stm32f10x.o(i.SetSysClock) for SetSysClock
    delay.o(i.delay_init) refers to misc.o(i.SysTick_CLKSourceConfig) for SysTick_CLKSourceConfig
    delay.o(i.delay_init) refers to system_stm32f10x.o(.data) for SystemCoreClock
    delay.o(i.delay_init) refers to delay.o(.data) for fac_us
    delay.o(i.delay_ms) refers to delay.o(.data) for fac_ms
    delay.o(i.delay_us) refers to delay.o(.data) for fac_us
    usart.o(i.UARTC_HandleTxd) refers (Special) to use_no_semi_2.o(.text) for __use_no_semihosting
    usart.o(i.UARTC_HandleTxd) refers to stm32f10x_usart.o(i.USART_GetFlagStatus) for USART_GetFlagStatus
    usart.o(i.UARTC_HandleTxd) refers to usart.o(i.UARTC_ReadTxBuf) for UARTC_ReadTxBuf
    usart.o(i.UARTC_HandleTxd) refers to usart.o(.bss) for UARTCBuf
    usart.o(i.UARTC_PutChar) refers (Special) to use_no_semi_2.o(.text) for __use_no_semihosting
    usart.o(i.UARTC_PutChar) refers to usart.o(.bss) for UARTCBuf
    usart.o(i.UARTC_ReadTxBuf) refers (Special) to use_no_semi_2.o(.text) for __use_no_semihosting
    usart.o(i.UARTC_ReadTxBuf) refers to usart.o(.bss) for UARTCBuf
    usart.o(i.USART1_IRQHandler) refers (Special) to use_no_semi_2.o(.text) for __use_no_semihosting
    usart.o(i.USART1_IRQHandler) refers to stm32f10x_usart.o(i.USART_GetITStatus) for USART_GetITStatus
    usart.o(i.USART1_IRQHandler) refers to stm32f10x_usart.o(i.USART_ReceiveData) for USART_ReceiveData
    usart.o(i.USART1_IRQHandler) refers to usart.o(.data) for USART_RX_STA
    usart.o(i.USART1_IRQHandler) refers to usart.o(.bss) for USART_RX_BUF
    usart.o(i._sys_exit) refers (Special) to use_no_semi_2.o(.text) for __use_no_semihosting
    usart.o(i.fputc) refers (Special) to use_no_semi_2.o(.text) for __use_no_semihosting
    usart.o(i.uart_init) refers (Special) to use_no_semi_2.o(.text) for __use_no_semihosting
    usart.o(i.uart_init) refers to stm32f10x_rcc.o(i.RCC_APB2PeriphClockCmd) for RCC_APB2PeriphClockCmd
    usart.o(i.uart_init) refers to stm32f10x_gpio.o(i.GPIO_PinRemapConfig) for GPIO_PinRemapConfig
    usart.o(i.uart_init) refers to stm32f10x_gpio.o(i.GPIO_Init) for GPIO_Init
    usart.o(i.uart_init) refers to misc.o(i.NVIC_Init) for NVIC_Init
    usart.o(i.uart_init) refers to stm32f10x_usart.o(i.USART_Init) for USART_Init
    usart.o(i.uart_init) refers to stm32f10x_usart.o(i.USART_ITConfig) for USART_ITConfig
    usart.o(i.uart_init) refers to stm32f10x_usart.o(i.USART_Cmd) for USART_Cmd
    usart.o(.bss) refers (Special) to use_no_semi_2.o(.text) for __use_no_semihosting
    usart.o(.data) refers (Special) to use_no_semi_2.o(.text) for __use_no_semihosting
    startup_stm32f10x_hd.o(STACK) refers (Special) to heapauxi.o(.text) for __use_two_region_memory
    startup_stm32f10x_hd.o(HEAP) refers (Special) to heapauxi.o(.text) for __use_two_region_memory
    startup_stm32f10x_hd.o(RESET) refers (Special) to heapauxi.o(.text) for __use_two_region_memory
    startup_stm32f10x_hd.o(RESET) refers to startup_stm32f10x_hd.o(STACK) for __initial_sp
    startup_stm32f10x_hd.o(RESET) refers to startup_stm32f10x_hd.o(.text) for Reset_Handler
    startup_stm32f10x_hd.o(RESET) refers to stm32f10x_it.o(i.NMI_Handler) for NMI_Handler
[...]
    ..\HardWare\GPIO.c                       0x00000000   Number         0  gpio.o ABSOLUTE
    ..\HardWare\Time_Pwm.c                   0x00000000   Number         0  time_pwm.o ABSOLUTE
    ..\MCLib\CurrentSening.c                 0x00000000   Number         0  currentsening.o ABSOLUTE
    ..\MCLib\Math.c                          0x00000000   Number         0  math.o ABSOLUTE
    ..\MCLib\Observer.c                      0x00000000   Number         0  observer.o ABSOLUTE
    ..\MCLib\PIRegulator.c                   0x00000000   Number         0  piregulator.o ABSOLUTE
    ..\MCLib\Smco.c                          0x00000000   Number         0  smco.o ABSOLUTE
    ..\MCLib\Svpwm.c                         0x00000000   Number         0  svpwm.o ABSOLUTE
    ..\MCLib\Type.c                          0x00000000   Number         0  type.o ABSOLUTE
    ..\STM32F10x_FWLib\src\misc.c            0x00000000   Number         0  misc.o ABSOLUTE
    ..\STM32F10x_FWLib\src\stm32f10x_adc.c   0x00000000   Number         0  stm32f10x_adc.o ABSOLUTE
    ..\STM32F10x_FWLib\src\stm32f10x_bkp.c   0x00000000   Number         0  stm32f10x_bkp.o ABSOLUTE
    ..\STM32F10x_FWLib\src\stm32f10x_can.c   0x00000000   Number         0  stm32f10x_can.o ABSOLUTE
    ..\STM32F10x_FWLib\src\stm32f10x_cec.c   0x00000000   Number         0  stm32f10x_cec.o ABSOLUTE
    ..\STM32F10x_FWLib\src\stm32f10x_crc.c   0x00000000   Number         0  stm32f10x_crc.o ABSOLUTE
    ..\STM32F10x_FWLib\src\stm32f10x_dac.c   0x00000000   Number         0  stm32f10x_dac.o ABSOLUTE
    ..\STM32F10x_FWLib\src\stm32f10x_dbgmcu.c 0x00000000   Number         0  stm32f10x_dbgmcu.o ABSOLUTE
    ..\STM32F10x_FWLib\src\stm32f10x_dma.c   0x00000000   Number         0  stm32f10x_dma.o ABSOLUTE
    ..\STM32F10x_FWLib\src\stm32f10x_exti.c  0x00000000   Number         0  stm32f10x_exti.o ABSOLUTE
    ..\STM32F10x_FWLib\src\stm32f10x_flash.c 0x00000000   Number         0  stm32f10x_flash.o ABSOLUTE
    ..\STM32F10x_FWLib\src\stm32f10x_fsmc.c  0x00000000   Number         0  stm32f10x_fsmc.o ABSOLUTE
    ..\STM32F10x_FWLib\src\stm32f10x_gpio.c  0x00000000   Number         0  stm32f10x_gpio.o ABSOLUTE
    ..\STM32F10x_FWLib\src\stm32f10x_i2c.c   0x00000000   Number         0  stm32f10x_i2c.o ABSOLUTE
    ..\STM32F10x_FWLib\src\stm32f10x_iwdg.c  0x00000000   Number         0  stm32f10x_iwdg.o ABSOLUTE
    ..\STM32F10x_FWLib\src\stm32f10x_pwr.c   0x00000000   Number         0  stm32f10x_pwr.o ABSOLUTE
    ..\STM32F10x_FWLib\src\stm32f10x_rcc.c   0x00000000   Number         0  stm32f10x_rcc.o ABSOLUTE
    ..\STM32F10x_FWLib\src\stm32f10x_rtc.c   0x00000000   Number         0  stm32f10x_rtc.o ABSOLUTE
    ..\STM32F10x_FWLib\src\stm32f10x_sdio.c  0x00000000   Number         0  stm32f10x_sdio.o ABSOLUTE
    ..\STM32F10x_FWLib\src\stm32f10x_spi.c   0x00000000   Number         0  stm32f10x_spi.o ABSOLUTE
    ..\STM32F10x_FWLib\src\stm32f10x_tim.c   0x00000000   Number         0  stm32f10x_tim.o ABSOLUTE
    ..\STM32F10x_FWLib\src\stm32f10x_usart.c 0x00000000   Number         0  stm32f10x_usart.o ABSOLUTE
    ..\STM32F10x_FWLib\src\stm32f10x_wwdg.c  0x00000000   Number         0  stm32f10x_wwdg.o ABSOLUTE
    ..\SYSTEM\delay\delay.c                  0x00000000   Number         0  delay.o ABSOLUTE
    ..\SYSTEM\sys\sys.c                      0x00000000   Number         0  sys.o ABSOLUTE
    ..\SYSTEM\usart\usart.c                  0x00000000   Number         0  usart.o ABSOLUTE
    ..\\CORE\\core_cm3.c                     0x00000000   Number         0  core_cm3.o ABSOLUTE
    ..\\SYSTEM\\sys\\sys.c                   0x00000000   Number         0  sys.o ABSOLUTE
    dc.s                                     0x00000000   Number         0  dc.o ABSOLUTE
    main.c                                   0x00000000   Number         0  main.o ABSOLUTE
    stm32f10x_it.c                           0x00000000   Number         0  stm32f10x_it.o ABSOLUTE
    system_stm32f10x.c                       0x00000000   Number         0  system_stm32f10x.o ABSOLUTE
    RESET                                    0x08000000   Section      304  startup_stm32f10x_hd.o(RESET)
    !!!main                                  0x08000130   Section        8  __main.o(!!!main)
    !!!scatter                               0x08000138   Section       52  __scatter.o(!!!scatter)
    !!dczerorl2                              0x0800016c   Section       90  __dczerorl2.o(!!dczerorl2)
    !!handler_zi                             0x080001c8   Section       28  __scatter_zi.o(!!handler_zi)
    .ARM.Collect$$libinit$$00000000          0x080001e4   Section        2  libinit.o(.ARM.Collect$$libinit$$00000000)
    .ARM.Collect$$libinit$$00000002          0x080001e6   Section        0  libinit2.o(.ARM.Collect$$libinit$$00000002)
    .ARM.Collect$$libinit$$00000004          0x080001e6   Section        0  libinit2.o(.ARM.Collect$$libinit$$00000004)
    .ARM.Collect$$libinit$$0000000A          0x080001e6   Section        0  libinit2.o(.ARM.Collect$$libinit$$0000000A)
    .ARM.Collect$$libinit$$0000000C          0x080001e6   Section        0  libinit2.o(.ARM.Collect$$libinit$$0000000C)
    .ARM.Collect$$libinit$$0000000E          0x080001e6   Section        0  libinit2.o(.ARM.Collect$$libinit$$0000000E)
    .ARM.Collect$$libinit$$00000011          0x080001e6   Section        0  libinit2.o(.ARM.Collect$$libinit$$00000011)
    .ARM.Collect$$libinit$$00000013          0x080001e6   Section        0  libinit2.o(.ARM.Collect$$libinit$$00000013)
    .ARM.Collect$$libinit$$00000015          0x080001e6   Section        0  libinit2.o(.ARM.Collect$$libinit$$00000015)
    .ARM.Collect$$libinit$$00000017          0x080001e6   Section        0  libinit2.o(.ARM.Collect$$libinit$$00000017)
    .ARM.Collect$$libinit$$00000019          0x080001e6   Section        0  libinit2.o(.ARM.Collect$$libinit$$00000019)
    .ARM.Collect$$libinit$$0000001B          0x080001e6   Section        0  libinit2.o(.ARM.Collect$$libinit$$0000001B)
    .ARM.Collect$$libinit$$0000001D          0x080001e6   Section        0  libinit2.o(.ARM.Collect$$libinit$$0000001D)
    .ARM.Collect$$libinit$$0000001F          0x080001e6   Section        0  libinit2.o(.ARM.Collect$$libinit$$0000001F)
    .ARM.Collect$$libinit$$00000021          0x080001e6   Section        0  libinit2.o(.ARM.Collect$$libinit$$00000021)
    .ARM.Collect$$libinit$$00000023          0x080001e6   Section        0  libinit2.o(.ARM.Collect$$libinit$$00000023)
    .ARM.Collect$$libinit$$00000025          0x080001e6   Section        0  libinit2.o(.ARM.Collect$$libinit$$00000025)
    .ARM.Collect$$libinit$$0000002C          0x080001e6   Section        0  libinit2.o(.ARM.Collect$$libinit$$0000002C)
    .ARM.Collect$$libinit$$0000002E          0x080001e6   Section        0  libinit2.o(.ARM.Collect$$libinit$$0000002E)
    .ARM.Collect$$libinit$$00000030          0x080001e6   Section        0  libinit2.o(.ARM.Collect$$libinit$$00000030)
    .ARM.Collect$$libinit$$00000032          0x080001e6   Section        0  libinit2.o(.ARM.Collect$$libinit$$00000032)
    .ARM.Collect$$libinit$$00000033          0x080001e6   Section        2  libinit2.o(.ARM.Collect$$libinit$$00000033)
    .ARM.Collect$$libshutdown$$00000000      0x080001e8   Section        2  libshutdown.o(.ARM.Collect$$libshutdown$$00000000)
    .ARM.Collect$$libshutdown$$00000002      0x080001ea   Section        0  libshutdown2.o(.ARM.Collect$$libshutdown$$00000002)
    .ARM.Collect$$libshutdown$$00000004      0x080001ea   Section        0  libshutdown2.o(.ARM.Collect$$libshutdown$$00000004)
    .ARM.Collect$$libshutdown$$00000007      0x080001ea   Section        0  libshutdown2.o(.ARM.Collect$$libshutdown$$00000007)
    .ARM.Collect$$libshutdown$$0000000A      0x080001ea   Section        0  libshutdown2.o(.ARM.Collect$$libshutdown$$0000000A)
    .ARM.Collect$$libshutdown$$0000000C      0x080001ea   Section        0  libshutdown2.o(.ARM.Collect$$libshutdown$$0000000C)
    .ARM.Collect$$libshutdown$$0000000F      0x080001ea   Section        0  libshutdown2.o(.ARM.Collect$$libshutdown$$0000000F)
    .ARM.Collect$$libshutdown$$00000010      0x080001ea   Section        2  libshutdown2.o(.ARM.Collect$$libshutdown$$00000010)
    .ARM.Collect$$rtentry$$00000000          0x080001ec   Section        0  __rtentry.o(.ARM.Collect$$rtentry$$00000000)
    .ARM.Collect$$rtentry$$00000002          0x080001ec   Section        0  __rtentry2.o(.ARM.Collect$$rtentry$$00000002)
    .ARM.Collect$$rtentry$$00000004          0x080001ec   Section        6  __rtentry4.o(.ARM.Collect$$rtentry$$00000004)
    .ARM.Collect$$rtentry$$00000009          0x080001f2   Section        0  __rtentry2.o(.ARM.Collect$$rtentry$$00000009)
    .ARM.Collect$$rtentry$$0000000A          0x080001f2   Section        4  __rtentry2.o(.ARM.Collect$$rtentry$$0000000A)
    .ARM.Collect$$rtentry$$0000000C          0x080001f6   Section        0  __rtentry2.o(.ARM.Collect$$rtentry$$0000000C)
    .ARM.Collect$$rtentry$$0000000D          0x080001f6   Section        8  __rtentry2.o(.ARM.Collect$$rtentry$$0000000D)
    .ARM.Collect$$rtexit$$00000000           0x080001fe   Section        2  rtexit.o(.ARM.Collect$$rtexit$$00000000)
    .ARM.Collect$$rtexit$$00000002           0x08000200   Section        0  rtexit2.o(.ARM.Collect$$rtexit$$00000002)
    .ARM.Collect$$rtexit$$00000003           0x08000200   Section        4  rtexit2.o(.ARM.Collect$$rtexit$$00000003)
    .ARM.Collect$$rtexit$$00000004           0x08000204   Section        6  rtexit2.o(.ARM.Collect$$rtexit$$00000004)
    .text                                    0x0800020c   Section       64  startup_stm32f10x_hd.o(.text)
    .text                                    0x0800024c   Section        2  use_no_semi_2.o(.text)
    .text                                    0x0800024e   Section        0  heapauxi.o(.text)
    .text                                    0x08000254   Section        2  use_no_semi.o(.text)
    .text                                    0x08000256   Section       74  sys_stackheap_outer.o(.text)
    .text                                    0x080002a0   Section        0  exit.o(.text)
    .text                                    0x080002b4   Section        8  libspace.o(.text)
    i.ADC1_2_IRQHandler                      0x080002bc   Section        0  control.o(i.ADC1_2_IRQHandler)
    i.ADC_ClearFlag                          0x080004bc   Section        0  stm32f10x_adc.o(i.ADC_ClearFlag)
    i.ADC_Cmd                                0x080004c2   Section        0  stm32f10x_adc.o(i.ADC_Cmd)
    i.ADC_DeInit                             0x080004d8   Section        0  stm32f10x_adc.o(i.ADC_DeInit)
    i.ADC_ExternalTrigInjectedConvCmd        0x08000534   Section        0  stm32f10x_adc.o(i.ADC_ExternalTrigInjectedConvCmd)
    i.ADC_ExternalTrigInjectedConvConfig     0x0800054a   Section        0  stm32f10x_adc.o(i.ADC_ExternalTrigInjectedConvConfig)
    i.ADC_GetCalibrationStatus               0x0800055a   Section        0  stm32f10x_adc.o(i.ADC_GetCalibrationStatus)
    i.ADC_GetFlagStatus                      0x0800056e   Section        0  stm32f10x_adc.o(i.ADC_GetFlagStatus)
    i.ADC_GetInjectedConversionValue         0x08000580   Section        0  stm32f10x_adc.o(i.ADC_GetInjectedConversionValue)
    i.ADC_INIT                               0x0800059c   Section        0  adc.o(i.ADC_INIT)
    i.ADC_ITConfig                           0x080005a8   Section        0  stm32f10x_adc.o(i.ADC_ITConfig)
    i.ADC_Init                               0x080005c0   Section        0  stm32f10x_adc.o(i.ADC_Init)
    i.ADC_InjectedChannelConfig              0x08000610   Section        0  stm32f10x_adc.o(i.ADC_InjectedChannelConfig)
    i.ADC_InjectedSequencerLengthConfig      0x08000692   Section        0  stm32f10x_adc.o(i.ADC_InjectedSequencerLengthConfig)
    i.ADC_Mode_Config                        0x080006ac   Section        0  adc.o(i.ADC_Mode_Config)
    i.ADC_SoftwareStartConvCmd               0x08000844   Section        0  stm32f10x_adc.o(i.ADC_SoftwareStartConvCmd)
    i.ADC_SoftwareStartInjectedConvCmd       0x0800085a   Section        0  stm32f10x_adc.o(i.ADC_SoftwareStartInjectedConvCmd)
    i.ADC_StartCalibration                   0x08000870   Section        0  stm32f10x_adc.o(i.ADC_StartCalibration)
    i.ADC_StructInit                         0x0800087a   Section        0  stm32f10x_adc.o(i.ADC_StructInit)
    i.Adc_GPIO_CONFIG                        0x0800088c   Section        0  gpio.o(i.Adc_GPIO_CONFIG)
    i.BusFault_Handler                       0x08000920   Section        0  stm32f10x_it.o(i.BusFault_Handler)
    i.Calc_Rotor_Speed                       0x08000924   Section        0  observer.o(i.Calc_Rotor_Speed)
    i.Clarke                                 0x0800097c   Section        0  math.o(i.Clarke)
    i.DBGMCU_Config                          0x080009c4   Section        0  stm32f10x_dbgmcu.o(i.DBGMCU_Config)
    i.DebugMon_Handler                       0x080009e4   Section        0  stm32f10x_it.o(i.DebugMon_Handler)
    i.GPIO_Init                              0x080009e6   Section        0  stm32f10x_gpio.o(i.GPIO_Init)
    i.GPIO_PinLockConfig                     0x08000afc   Section        0  stm32f10x_gpio.o(i.GPIO_PinLockConfig)
    i.GPIO_PinRemapConfig                    0x08000b10   Section        0  stm32f10x_gpio.o(i.GPIO_PinRemapConfig)
    i.GPIO_ResetBits                         0x08000ba0   Section        0  stm32f10x_gpio.o(i.GPIO_ResetBits)
    i.GPIO_SetBits                           0x08000ba4   Section        0  stm32f10x_gpio.o(i.GPIO_SetBits)
    i.GPIO_Trigger                           0x08000ba8   Section        0  gpio.o(i.GPIO_Trigger)
    i.HardFault_Handler                      0x08000bcc   Section        0  stm32f10x_it.o(i.HardFault_Handler)
    i.IsObserverConverged                    0x08000bd0   Section        0  observer.o(i.IsObserverConverged)
    i.MCM_Rev_Park                           0x08000d4c   Section        0  math.o(i.MCM_Rev_Park)
    i.MCboot                                 0x08000dac   Section        0  main.o(i.MCboot)
    i.MediumFrequencyTask                    0x08000de4   Section        0  control.o(i.MediumFrequencyTask)
    i.MemManage_Handler                      0x08000e0c   Section        0  stm32f10x_it.o(i.MemManage_Handler)
    i.Moto_Start                             0x08000e10   Section        0  control.o(i.Moto_Start)
    i.Moto_Stop                              0x08000e5c   Section        0  control.o(i.Moto_Stop)
    i.NMI_Handler                            0x08000ea8   Section        0  stm32f10x_it.o(i.NMI_Handler)
    i.NVIC_Init                              0x08000eac   Section        0  misc.o(i.NVIC_Init)
    i.NVIC_PriorityGroupConfig               0x08000f1c   Section        0  misc.o(i.NVIC_PriorityGroupConfig)
    i.NVIC_SetPriority                       0x08000f30   Section        0  main.o(i.NVIC_SetPriority)
    NVIC_SetPriority                         0x08000f31   Thumb Code    32  main.o(i.NVIC_SetPriority)
    i.PID_Init                               0x08000f58   Section        0  piregulator.o(i.PID_Init)
    i.PID_Regulator                          0x0800102c   Section        0  piregulator.o(i.PID_Regulator)
    i.Park                                   0x080010c4   Section        0  math.o(i.Park)
    i.PendSV_Handler                         0x0800116c   Section        0  stm32f10x_it.o(i.PendSV_Handler)
    i.RCC_ADCCLKConfig                       0x08001170   Section        0  stm32f10x_rcc.o(i.RCC_ADCCLKConfig)
    i.RCC_AHBPeriphClockCmd                  0x08001188   Section        0  stm32f10x_rcc.o(i.RCC_AHBPeriphClockCmd)
    i.RCC_APB2PeriphClockCmd                 0x080011a8   Section        0  stm32f10x_rcc.o(i.RCC_APB2PeriphClockCmd)
    i.RCC_APB2PeriphResetCmd                 0x080011c8   Section        0  stm32f10x_rcc.o(i.RCC_APB2PeriphResetCmd)
    i.RCC_GetClocksFreq                      0x080011e8   Section        0  stm32f10x_rcc.o(i.RCC_GetClocksFreq)
    i.RevPark_Circle_Limitation              0x080012bc   Section        0  math.o(i.RevPark_Circle_Limitation)
    i.STO_Calc_Rotor_Angle                   0x0800132c   Section        0  observer.o(i.STO_Calc_Rotor_Angle)
    i.STO_Calc_Speed                         0x0800173c   Section        0  observer.o(i.STO_Calc_Speed)
    i.STO_Gains_Init                         0x080017d8   Section        0  observer.o(i.STO_Gains_Init)
    i.STO_Get_Electrical_Angle               0x080018cc   Section        0  observer.o(i.STO_Get_Electrical_Angle)
    i.STO_Get_Speed                          0x080018d8   Section        0  observer.o(i.STO_Get_Speed)
    i.STO_Get_Speed_Hz                       0x080018e4   Section        0  observer.o(i.STO_Get_Speed_Hz)
    i.STO_Init                               0x08001900   Section        0  observer.o(i.STO_Init)
    i.STO_InitSpeedBuffer                    0x0800195c   Section        0  observer.o(i.STO_InitSpeedBuffer)
    i.STO_IsSpeed_Reliable                   0x08001980   Section        0  observer.o(i.STO_IsSpeed_Reliable)
    i.STO_Start_Up                           0x0800198c   Section        0  observer.o(i.STO_Start_Up)
    i.SVC_Handler                            0x08001aac   Section        0  stm32f10x_it.o(i.SVC_Handler)
    i.SVPWM_3ShuntCalcDutyCycles             0x08001ab0   Section        0  svpwm.o(i.SVPWM_3ShuntCalcDutyCycles)
    i.SVPWM_3ShuntGetPhaseCurrentValues      0x08001ff4   Section        0  currentsening.o(i.SVPWM_3ShuntGetPhaseCurrentValues)
    i.SetSysClock                            0x080021ec   Section        0  system_stm32f10x.o(i.SetSysClock)
    SetSysClock                              0x080021ed   Thumb Code     8  system_stm32f10x.o(i.SetSysClock)
    i.SetSysClockTo72                        0x080021f4   Section        0  system_stm32f10x.o(i.SetSysClockTo72)
    SetSysClockTo72                          0x080021f5   Thumb Code   214  system_stm32f10x.o(i.SetSysClockTo72)
    i.Speed_PI                               0x080022d4   Section        0  observer.o(i.Speed_PI)
    i.Store_Rotor_Speed                      0x0800241c   Section        0  observer.o(i.Store_Rotor_Speed)
    i.SysTickConfig                          0x08002448   Section        0  main.o(i.SysTickConfig)
    i.SysTick_Handler                        0x080024ac   Section        0  control.o(i.SysTick_Handler)
    i.SystemInit                             0x080024ec   Section        0  system_stm32f10x.o(i.SystemInit)
    i.TIM1_GPIO_CONFIG                       0x0800254c   Section        0  gpio.o(i.TIM1_GPIO_CONFIG)
    i.TIM1_Mode_Config                       0x080025ac   Section        0  time_pwm.o(i.TIM1_Mode_Config)
    i.TIM1_PWM_INIT                          0x080026f8   Section        0  time_pwm.o(i.TIM1_PWM_INIT)
    i.TIM1_UP_IRQHandler                     0x08002704   Section        0  time_pwm.o(i.TIM1_UP_IRQHandler)
    i.TIM_CCxCmd                             0x08002714   Section        0  stm32f10x_tim.o(i.TIM_CCxCmd)
    i.TIM_CCxNCmd                            0x08002732   Section        0  stm32f10x_tim.o(i.TIM_CCxNCmd)
    i.TIM_ClearFlag                          0x08002750   Section        0  stm32f10x_tim.o(i.TIM_ClearFlag)
    i.TIM_ClearITPendingBit                  0x08002756   Section        0  stm32f10x_tim.o(i.TIM_ClearITPendingBit)
    i.TIM_Cmd                                0x0800275c   Section        0  stm32f10x_tim.o(i.TIM_Cmd)
    i.TIM_CtrlPWMOutputs                     0x08002774   Section        0  stm32f10x_tim.o(i.TIM_CtrlPWMOutputs)
    i.TIM_ITConfig                           0x08002792   Section        0  stm32f10x_tim.o(i.TIM_ITConfig)
    i.TIM_OC1Init                            0x080027a4   Section        0  stm32f10x_tim.o(i.TIM_OC1Init)
    i.TIM_OC1PreloadConfig                   0x0800283c   Section        0  stm32f10x_tim.o(i.TIM_OC1PreloadConfig)
    i.TIM_OC2Init                            0x08002850   Section        0  stm32f10x_tim.o(i.TIM_OC2Init)
    i.TIM_OC2PreloadConfig                   0x080028f4   Section        0  stm32f10x_tim.o(i.TIM_OC2PreloadConfig)
    i.TIM_OC3Init                            0x08002910   Section        0  stm32f10x_tim.o(i.TIM_OC3Init)
    i.TIM_OC3PreloadConfig                   0x080029b0   Section        0  stm32f10x_tim.o(i.TIM_OC3PreloadConfig)
    i.TIM_OC4Init                            0x080029c4   Section        0  stm32f10x_tim.o(i.TIM_OC4Init)
    i.TIM_OC4PreloadConfig                   0x08002a40   Section        0  stm32f10x_tim.o(i.TIM_OC4PreloadConfig)
    i.TIM_OCStructInit                       0x08002a5a   Section        0  stm32f10x_tim.o(i.TIM_OCStructInit)
    i.TIM_SelectOutputTrigger                0x08002a6e   Section        0  stm32f10x_tim.o(i.TIM_SelectOutputTrigger)
    i.TIM_TimeBaseInit                       0x08002a80   Section        0  stm32f10x_tim.o(i.TIM_TimeBaseInit)
    i.Trig_Functions                         0x08002b24   Section        0  math.o(i.Trig_Functions)
    i.UARTC_HandleTxd                        0x08002be0   Section        0  usart.o(i.UARTC_HandleTxd)
    i.UARTC_PutChar                          0x08002c08   Section        0  usart.o(i.UARTC_PutChar)
    i.UARTC_ReadTxBuf                        0x08002c58   Section        0  usart.o(i.UARTC_ReadTxBuf)
    i.USART1_IRQHandler                      0x08002c94   Section        0  usart.o(i.USART1_IRQHandler)
    i.USART_Cmd                              0x08002d1c   Section        0  stm32f10x_usart.o(i.USART_Cmd)
    i.USART_GetFlagStatus                    0x08002d34   Section        0  stm32f10x_usart.o(i.USART_GetFlagStatus)
    i.USART_GetITStatus                      0x08002d4e   Section        0  stm32f10x_usart.o(i.USART_GetITStatus)
    i.USART_ITConfig                         0x08002da2   Section        0  stm32f10x_usart.o(i.USART_ITConfig)
    i.USART_Init                             0x08002dec   Section        0  stm32f10x_usart.o(i.USART_Init)
    i.USART_ReceiveData                      0x08002ec4   Section        0  stm32f10x_usart.o(i.USART_ReceiveData)
    i.UsageFault_Handler                     0x08002ece   Section        0  stm32f10x_it.o(i.UsageFault_Handler)
    i._sys_exit                              0x08002ed2   Section        0  usart.o(i._sys_exit)
    i.main                                   0x08002ed8   Section        0  main.o(i.main)
    i.uart_init                              0x08002ef8   Section        0  usart.o(i.uart_init)
    x$fpl$ddiv                               0x08002fa4   Section      688  ddiv.o(x$fpl$ddiv)
    ddiv_entry                               0x08002fab   Thumb Code     0  ddiv.o(x$fpl$ddiv)
    x$fpl$dfix                               0x08003254   Section       94  dfix.o(x$fpl$dfix)
    x$fpl$dflt                               0x080032b2   Section       46  dflt_clz.o(x$fpl$dflt)
    x$fpl$dmul                               0x080032e0   Section      340  dmul.o(x$fpl$dmul)
    x$fpl$dnaninf                            0x08003434   Section      156  dnaninf.o(x$fpl$dnaninf)
    x$fpl$dretinf                            0x080034d0   Section       12  dretinf.o(x$fpl$dretinf)
    .constdata                               0x080034dc   Section      646  math.o(.constdata)
    x$fpl$usenofp                            0x080034dc   Section        0  usenofp.o(x$fpl$usenofp)
    .data                                    0x20000000   Section       20  system_stm32f10x.o(.data)
    .data                                    0x20000014   Section        6  usart.o(.data)
    .data                                    0x2000001a   Section       20  stm32f10x_rcc.o(.data)
    APBAHBPrescTable                         0x2000001a   Data          16  stm32f10x_rcc.o(.data)
    ADCPrescTable                            0x2000002a   Data           4  stm32f10x_rcc.o(.data)
    .data                                    0x2000002e   Section       30  control.o(.data)
    bMC16msCompleted                         0x20000038   Data           1  control.o(.data)
    bUARTCnt                                 0x20000039   Data           1  control.o(.data)
    Stat_Curr_q_d_ref_ref                    0x2000003e   Data           4  control.o(.data)
    Tick1msCnt                               0x2000004a   Data           1  control.o(.data)
    Tick16msCnt                              0x2000004b   Data           1  control.o(.data)
    .data                                    0x2000004c   Section        8  adc.o(.data)
    bIndex                                   0x20000052   Data           2  adc.o(.data)
    .data                                    0x20000054   Section       28  math.o(.data)
    Vector_Components                        0x20000054   Data           4  math.o(.data)
    .data                                    0x20000070   Section      176  observer.o(.data)
    hFreq_Inc                                0x20000080   Data           2  observer.o(.data)
    hI_Inc                                   0x20000084   Data           4  observer.o(.data)
    wBemf_alfa_est                           0x20000094   Data           4  observer.o(.data)
    wBemf_beta_est                           0x20000098   Data           4  observer.o(.data)
    wSpeed_PI_integral_sum                   0x2000009c   Data           4  observer.o(.data)
    Max_Speed_Out                            0x200000ac   Data           1  observer.o(.data)
    Min_Speed_Out                            0x200000ad   Data           1  observer.o(.data)
    Is_Speed_Reliable                        0x200000ae   Data           1  observer.o(.data)
    bSpeed_Buffer_Index                      0x200000af   Data           1  observer.o(.data)
    hC2                                      0x200000b0   Data           2  observer.o(.data)
    hC4                                      0x200000b2   Data           2  observer.o(.data)
    hPercentageFactor                        0x200000c8   Data           2  observer.o(.data)
    .data                                    0x20000120   Section       24  svpwm.o(.data)
    .data                                    0x20000138   Section        4  currentsening.o(.data)
    .data                                    0x2000013c   Section       42  smco.o(.data)
    .bss                                     0x20000168   Section      254  usart.o(.bss)
    .bss                                     0x20000268   Section       96  control.o(.bss)
    .bss                                     0x200002c8   Section      128  observer.o(.bss)
    .bss                                     0x20000348   Section       96  libspace.o(.bss)
    HEAP                                     0x200003a8   Section      512  startup_stm32f10x_hd.o(HEAP)
    Heap_Mem                                 0x200003a8   Data         512  startup_stm32f10x_hd.o(HEAP)
    STACK                                    0x200005a8   Section     1024  startup_stm32f10x_hd.o(STACK)
    Stack_Mem                                0x200005a8   Data        1024  startup_stm32f10x_hd.o(STACK)
    __initial_sp                             0x200009a8   Data           0  startup_stm32f10x_hd.o(STACK)

    Global Symbols

    Symbol Name                              Value     Ov Type        Size  Object(Section)

    BuildAttributes$$THM_ISAv4$P$D$K$B$S$PE$A:L22UL41UL21$X:L11$S22US41US21$IEEE1$IW$USESV6$~STKCKD$USESV7$~SHL$OSPACE$ROPI$EBA8$UX$STANDARDLIB$REQ8$PRES8$EABIv2 0x00000000   Number         0  anon$$obj.o ABSOLUTE
    __ARM_use_no_argv                        0x00000000   Number         0  main.o ABSOLUTE
    __ARM_exceptions_init                     - Undefined Weak Reference
    __alloca_initialize                       - Undefined Weak Reference
    __arm_preinit_                            - Undefined Weak Reference
    __cpp_initialize__aeabi_                  - Undefined Weak Reference
    __cxa_finalize                            - Undefined Weak Reference
    __rt_locale                               - Undefined Weak Reference
    __sigvec_lookup                           - Undefined Weak Reference
    _atexit_init                              - Undefined Weak Reference
    _call_atexit_fns                          - Undefined Weak Reference
    _clock_init                               - Undefined Weak Reference
    _fp_trap_init                             - Undefined Weak Reference
    _fp_trap_shutdown                         - Undefined Weak Reference
    _get_lc_collate                           - Undefined Weak Reference
    _get_lc_ctype                             - Undefined Weak Reference
    _get_lc_monetary                          - Undefined Weak Reference
    _get_lc_numeric                           - Undefined Weak Reference
    _get_lc_time                              - Undefined Weak Reference
    _getenv_init                              - Undefined Weak Reference
    _handle_redirection                       - Undefined Weak Reference
    _init_alloc                               - Undefined Weak Reference
    _init_user_alloc                          - Undefined Weak Reference
    _initio                                   - Undefined Weak Reference
    _rand_init                                - Undefined Weak Reference
    _signal_finish                            - Undefined Weak Reference
    _signal_init                              - Undefined Weak Reference
    _terminate_alloc                          - Undefined Weak Reference
    _terminate_user_alloc                     - Undefined Weak Reference
    _terminateio                              - Undefined Weak Reference
    __Vectors_Size                           0x00000130   Number         0  startup_stm32f10x_hd.o ABSOLUTE
    __Vectors                                0x08000000   Data           4  startup_stm32f10x_hd.o(RESET)
    __Vectors_End                            0x08000130   Data           0  startup_stm32f10x_hd.o(RESET)
    __main                                   0x08000131   Thumb Code     8  __main.o(!!!main)
    __scatterload                            0x08000139   Thumb Code     0  __scatter.o(!!!scatter)
    __scatterload_rt2                        0x08000139   Thumb Code    44  __scatter.o(!!!scatter)
    __scatterload_rt2_thumb_only             0x08000139   Thumb Code     0  __scatter.o(!!!scatter)
    __scatterload_null                       0x08000147   Thumb Code     0  __scatter.o(!!!scatter)
    __decompress                             0x0800016d   Thumb Code    90  __dczerorl2.o(!!dczerorl2)
    __decompress1                            0x0800016d   Thumb Code     0  __dczerorl2.o(!!dczerorl2)
    __scatterload_zeroinit                   0x080001c9   Thumb Code    28  __scatter_zi.o(!!handler_zi)
    __rt_lib_init                            0x080001e5   Thumb Code     0  libinit.o(.ARM.Collect$$libinit$$00000000)
    __rt_lib_init_alloca_1                   0x080001e7   Thumb Code     0  libinit2.o(.ARM.Collect$$libinit$$0000002E)
    __rt_lib_init_argv_1                     0x080001e7   Thumb Code     0  libinit2.o(.ARM.Collect$$libinit$$0000002C)
    __rt_lib_init_atexit_1                   0x080001e7   Thumb Code     0  libinit2.o(.ARM.Collect$$libinit$$0000001B)
    __rt_lib_init_clock_1                    0x080001e7   Thumb Code     0  libinit2.o(.ARM.Collect$$libinit$$00000021)
    __rt_lib_init_cpp_1                      0x080001e7   Thumb Code     0  libinit2.o(.ARM.Collect$$libinit$$00000032)
    __rt_lib_init_exceptions_1               0x080001e7   Thumb Code     0  libinit2.o(.ARM.Collect$$libinit$$00000030)
    __rt_lib_init_fp_1                       0x080001e7   Thumb Code     0  libinit2.o(.ARM.Collect$$libinit$$00000002)
    __rt_lib_init_fp_trap_1                  0x080001e7   Thumb Code     0  libinit2.o(.ARM.Collect$$libinit$$0000001F)
    __rt_lib_init_getenv_1                   0x080001e7   Thumb Code     0  libinit2.o(.ARM.Collect$$libinit$$00000023)
    __rt_lib_init_heap_1                     0x080001e7   Thumb Code     0  libinit2.o(.ARM.Collect$$libinit$$0000000A)
    __rt_lib_init_lc_collate_1               0x080001e7   Thumb Code     0  libinit2.o(.ARM.Collect$$libinit$$00000011)
    __rt_lib_init_lc_ctype_1                 0x080001e7   Thumb Code     0  libinit2.o(.ARM.Collect$$libinit$$00000013)
    __rt_lib_init_lc_monetary_1              0x080001e7   Thumb Code     0  libinit2.o(.ARM.Collect$$libinit$$00000015)
    __rt_lib_init_lc_numeric_1               0x080001e7   Thumb Code     0  libinit2.o(.ARM.Collect$$libinit$$00000017)
    __rt_lib_init_lc_time_1                  0x080001e7   Thumb Code     0  libinit2.o(.ARM.Collect$$libinit$$00000019)
    __rt_lib_init_preinit_1                  0x080001e7   Thumb Code     0  libinit2.o(.ARM.Collect$$libinit$$00000004)
    __rt_lib_init_rand_1                     0x080001e7   Thumb Code     0  libinit2.o(.ARM.Collect$$libinit$$0000000E)
    __rt_lib_init_return                     0x080001e7   Thumb Code     0  libinit2.o(.ARM.Collect$$libinit$$00000033)
    __rt_lib_init_signal_1                   0x080001e7   Thumb Code     0  libinit2.o(.ARM.Collect$$libinit$$0000001D)
    __rt_lib_init_stdio_1                    0x080001e7   Thumb Code     0  libinit2.o(.ARM.Collect$$libinit$$00000025)
    __rt_lib_init_user_alloc_1               0x080001e7   Thumb Code     0  libinit2.o(.ARM.Collect$$libinit$$0000000C)
    __rt_lib_shutdown                        0x080001e9   Thumb Code     0  libshutdown.o(.ARM.Collect$$libshutdown$$00000000)
    __rt_lib_shutdown_cpp_1                  0x080001eb   Thumb Code     0  libshutdown2.o(.ARM.Collect$$libshutdown$$00000002)
    __rt_lib_shutdown_fp_trap_1              0x080001eb   Thumb Code     0  libshutdown2.o(.ARM.Collect$$libshutdown$$00000007)
    __rt_lib_shutdown_heap_1                 0x080001eb   Thumb Code     0  libshutdown2.o(.ARM.Collect$$libshutdown$$0000000F)
    __rt_lib_shutdown_return                 0x080001eb   Thumb Code     0  libshutdown2.o(.ARM.Collect$$libshutdown$$00000010)
    __rt_lib_shutdown_signal_1               0x080001eb   Thumb Code     0  libshutdown2.o(.ARM.Collect$$libshutdown$$0000000A)
    __rt_lib_shutdown_stdio_1                0x080001eb   Thumb Code     0  libshutdown2.o(.ARM.Collect$$libshutdown$$00000004)
    __rt_lib_shutdown_user_alloc_1           0x080001eb   Thumb Code     0  libshutdown2.o(.ARM.Collect$$libshutdown$$0000000C)
    __rt_entry                               0x080001ed   Thumb Code     0  __rtentry.o(.ARM.Collect$$rtentry$$00000000)
    __rt_entry_presh_1                       0x080001ed   Thumb Code     0  __rtentry2.o(.ARM.Collect$$rtentry$$00000002)
    __rt_entry_sh                            0x080001ed   Thumb Code     0  __rtentry4.o(.ARM.Collect$$rtentry$$00000004)
    __rt_entry_li                            0x080001f3   Thumb Code     0  __rtentry2.o(.ARM.Collect$$rtentry$$0000000A)
    __rt_entry_postsh_1                      0x080001f3   Thumb Code     0  __rtentry2.o(.ARM.Collect$$rtentry$$00000009)
    __rt_entry_main                          0x080001f7   Thumb Code     0  __rtentry2.o(.ARM.Collect$$rtentry$$0000000D)
    __rt_entry_postli_1                      0x080001f7   Thumb Code     0  __rtentry2.o(.ARM.Collect$$rtentry$$0000000C)
    __rt_exit                                0x080001ff   Thumb Code     0  rtexit.o(.ARM.Collect$$rtexit$$00000000)
    __rt_exit_ls                             0x08000201   Thumb Code     0  rtexit2.o(.ARM.Collect$$rtexit$$00000003)
    __rt_exit_prels_1                        0x08000201   Thumb Code     0  rtexit2.o(.ARM.Collect$$rtexit$$00000002)
    __rt_exit_exit                           0x08000205   Thumb Code     0  rtexit2.o(.ARM.Collect$$rtexit$$00000004)
    Reset_Handler                            0x0800020d   Thumb Code     8  startup_stm32f10x_hd.o(.text)
    ADC3_IRQHandler                          0x08000227   Thumb Code     0  startup_stm32f10x_hd.o(.text)
    CAN1_RX1_IRQHandler                      0x08000227   Thumb Code     0  startup_stm32f10x_hd.o(.text)
    CAN1_SCE_IRQHandler                      0x08000227   Thumb Code     0  startup_stm32f10x_hd.o(.text)
    DMA1_Channel1_IRQHandler                 0x08000227   Thumb Code     0  startup_stm32f10x_hd.o(.text)
    DMA1_Channel2_IRQHandler                 0x08000227   Thumb Code     0  startup_stm32f10x_hd.o(.text)
    DMA1_Channel3_IRQHandler                 0x08000227   Thumb Code     0  startup_stm32f10x_hd.o(.text)
    DMA1_Channel4_IRQHandler                 0x08000227   Thumb Code     0  startup_stm32f10x_hd.o(.text)
    DMA1_Channel5_IRQHandler                 0x08000227   Thumb Code     0  startup_stm32f10x_hd.o(.text)
    DMA1_Channel6_IRQHandler                 0x08000227   Thumb Code     0  startup_stm32f10x_hd.o(.text)
    DMA1_Channel7_IRQHandler                 0x08000227   Thumb Code     0  startup_stm32f10x_hd.o(.text)
    DMA2_Channel1_IRQHandler                 0x08000227   Thumb Code     0  startup_stm32f10x_hd.o(.text)
    DMA2_Channel2_IRQHandler                 0x08000227   Thumb Code     0  startup_stm32f10x_hd.o(.text)
    DMA2_Channel3_IRQHandler                 0x08000227   Thumb Code     0  startup_stm32f10x_hd.o(.text)
    DMA2_Channel4_5_IRQHandler               0x08000227   Thumb Code     0  startup_stm32f10x_hd.o(.text)
    EXTI0_IRQHandler                         0x08000227   Thumb Code     0  startup_stm32f10x_hd.o(.text)
    EXTI15_10_IRQHandler                     0x08000227   Thumb Code     0  startup_stm32f10x_hd.o(.text)
    EXTI1_IRQHandler                         0x08000227   Thumb Code     0  startup_stm32f10x_hd.o(.text)
    EXTI2_IRQHandler                         0x08000227   Thumb Code     0  startup_stm32f10x_hd.o(.text)
    EXTI3_IRQHandler                         0x08000227   Thumb Code     0  startup_stm32f10x_hd.o(.text)
    EXTI4_IRQHandler                         0x08000227   Thumb Code     0  startup_stm32f10x_hd.o(.text)
    EXTI9_5_IRQHandler                       0x08000227   Thumb Code     0  startup_stm32f10x_hd.o(.text)
    FLASH_IRQHandler                         0x08000227   Thumb Code     0  startup_stm32f10x_hd.o(.text)
    FSMC_IRQHandler                          0x08000227   Thumb Code     0  startup_stm32f10x_hd.o(.text)
    I2C1_ER_IRQHandler                       0x08000227   Thumb Code     0  startup_stm32f10x_hd.o(.text)
    I2C1_EV_IRQHandler                       0x08000227   Thumb Code     0  startup_stm32f10x_hd.o(.text)
    I2C2_ER_IRQHandler                       0x08000227   Thumb Code     0  startup_stm32f10x_hd.o(.text)
    I2C2_EV_IRQHandler                       0x08000227   Thumb Code     0  startup_stm32f10x_hd.o(.text)
    PVD_IRQHandler                           0x08000227   Thumb Code     0  startup_stm32f10x_hd.o(.text)
    RCC_IRQHandler                           0x08000227   Thumb Code     0  startup_stm32f10x_hd.o(.text)
    RTCAlarm_IRQHandler                      0x08000227   Thumb Code     0  startup_stm32f10x_hd.o(.text)
    RTC_IRQHandler                           0x08000227   Thumb Code     0  startup_stm32f10x_hd.o(.text)
    SDIO_IRQHandler                          0x08000227   Thumb Code     0  startup_stm32f10x_hd.o(.text)
    SPI1_IRQHandler                          0x08000227   Thumb Code     0  startup_stm32f10x_hd.o(.text)
    SPI2_IRQHandler                          0x08000227   Thumb Code     0  startup_stm32f10x_hd.o(.text)
    SPI3_IRQHandler                          0x08000227   Thumb Code     0  startup_stm32f10x_hd.o(.text)
    TAMPER_IRQHandler                        0x08000227   Thumb Code     0  startup_stm32f10x_hd.o(.text)
    TIM1_BRK_IRQHandler                      0x08000227   Thumb Code     0  startup_stm32f10x_hd.o(.text)
    TIM1_CC_IRQHandler                       0x08000227   Thumb Code     0  startup_stm32f10x_hd.o(.text)
    TIM1_TRG_COM_IRQHandler                  0x08000227   Thumb Code     0  startup_stm32f10x_hd.o(.text)
    TIM2_IRQHandler                          0x08000227   Thumb Code     0  startup_stm32f10x_hd.o(.text)
    TIM3_IRQHandler                          0x08000227   Thumb Code     0  startup_stm32f10x_hd.o(.text)
    TIM4_IRQHandler                          0x08000227   Thumb Code     0  startup_stm32f10x_hd.o(.text)
    TIM5_IRQHandler                          0x08000227   Thumb Code     0  startup_stm32f10x_hd.o(.text)
    TIM6_IRQHandler                          0x08000227   Thumb Code     0  startup_stm32f10x_hd.o(.text)
    TIM7_IRQHandler                          0x08000227   Thumb Code     0  startup_stm32f10x_hd.o(.text)
    TIM8_BRK_IRQHandler                      0x08000227   Thumb Code     0  startup_stm32f10x_hd.o(.text)
    TIM8_CC_IRQHandler                       0x08000227   Thumb Code     0  startup_stm32f10x_hd.o(.text)
    TIM8_TRG_COM_IRQHandler                  0x08000227   Thumb Code     0  startup_stm32f10x_hd.o(.text)
    TIM8_UP_IRQHandler                       0x08000227   Thumb Code     0  startup_stm32f10x_hd.o(.text)
    UART4_IRQHandler                         0x08000227   Thumb Code     0  startup_stm32f10x_hd.o(.text)
    UART5_IRQHandler                         0x08000227   Thumb Code     0  startup_stm32f10x_hd.o(.text)
    USART2_IRQHandler                        0x08000227   Thumb Code     0  startup_stm32f10x_hd.o(.text)
    USART3_IRQHandler                        0x08000227   Thumb Code     0  startup_stm32f10x_hd.o(.text)
    USBWakeUp_IRQHandler                     0x08000227   Thumb Code     0  startup_stm32f10x_hd.o(.text)
    USB_HP_CAN1_TX_IRQHandler                0x08000227   Thumb Code     0  startup_stm32f10x_hd.o(.text)
    USB_LP_CAN1_RX0_IRQHandler               0x08000227   Thumb Code     0  startup_stm32f10x_hd.o(.text)
    WWDG_IRQHandler                          0x08000227   Thumb Code     0  startup_stm32f10x_hd.o(.text)
    __user_initial_stackheap                 0x08000229   Thumb Code     0  startup_stm32f10x_hd.o(.text)
    __use_no_semihosting                     0x0800024d   Thumb Code     2  use_no_semi_2.o(.text)
    __use_two_region_memory                  0x0800024f   Thumb Code     2  heapauxi.o(.text)
    __rt_heap_escrow$2region                 0x08000251   Thumb Code     2  heapauxi.o(.text)
    __rt_heap_expand$2region                 0x08000253   Thumb Code     2  heapauxi.o(.text)
    __I$use$semihosting                      0x08000255   Thumb Code     0  use_no_semi.o(.text)
    __use_no_semihosting_swi                 0x08000255   Thumb Code     2  use_no_semi.o(.text)
    __user_setup_stackheap                   0x08000257   Thumb Code    74  sys_stackheap_outer.o(.text)
    exit                                     0x080002a1   Thumb Code    18  exit.o(.text)
    __user_libspace                          0x080002b5   Thumb Code     8  libspace.o(.text)
    __user_perproc_libspace                  0x080002b5   Thumb Code     0  libspace.o(.text)
    __user_perthread_libspace                0x080002b5   Thumb Code     0  libspace.o(.text)
    ADC1_2_IRQHandler                        0x080002bd   Thumb Code   428  control.o(i.ADC1_2_IRQHandler)
    ADC_ClearFlag                            0x080004bd   Thumb Code     6  stm32f10x_adc.o(i.ADC_ClearFlag)
    ADC_Cmd                                  0x080004c3   Thumb Code    22  stm32f10x_adc.o(i.ADC_Cmd)
    ADC_DeInit                               0x080004d9   Thumb Code    78  stm32f10x_adc.o(i.ADC_DeInit)
    ADC_ExternalTrigInjectedConvCmd          0x08000535   Thumb Code    22  stm32f10x_adc.o(i.ADC_ExternalTrigInjectedConvCmd)
    ADC_ExternalTrigInjectedConvConfig       0x0800054b   Thumb Code    16  stm32f10x_adc.o(i.ADC_ExternalTrigInjectedConvConfig)
    ADC_GetCalibrationStatus                 0x0800055b   Thumb Code    20  stm32f10x_adc.o(i.ADC_GetCalibrationStatus)
    ADC_GetFlagStatus                        0x0800056f   Thumb Code    18  stm32f10x_adc.o(i.ADC_GetFlagStatus)
    ADC_GetInjectedConversionValue           0x08000581   Thumb Code    28  stm32f10x_adc.o(i.ADC_GetInjectedConversionValue)
    ADC_INIT                                 0x0800059d   Thumb Code    12  adc.o(i.ADC_INIT)
    ADC_ITConfig                             0x080005a9   Thumb Code    24  stm32f10x_adc.o(i.ADC_ITConfig)
    ADC_Init                                 0x080005c1   Thumb Code    70  stm32f10x_adc.o(i.ADC_Init)
    ADC_InjectedChannelConfig                0x08000611   Thumb Code   130  stm32f10x_adc.o(i.ADC_InjectedChannelConfig)
    ADC_InjectedSequencerLengthConfig        0x08000693   Thumb Code    24  stm32f10x_adc.o(i.ADC_InjectedSequencerLengthConfig)
    ADC_Mode_Config                          0x080006ad   Thumb Code   386  adc.o(i.ADC_Mode_Config)
    ADC_SoftwareStartConvCmd                 0x08000845   Thumb Code    22  stm32f10x_adc.o(i.ADC_SoftwareStartConvCmd)
    ADC_SoftwareStartInjectedConvCmd         0x0800085b   Thumb Code    22  stm32f10x_adc.o(i.ADC_SoftwareStartInjectedConvCmd)
    ADC_StartCalibration                     0x08000871   Thumb Code    10  stm32f10x_adc.o(i.ADC_StartCalibration)
    ADC_StructInit                           0x0800087b   Thumb Code    18  stm32f10x_adc.o(i.ADC_StructInit)
    Adc_GPIO_CONFIG                          0x0800088d   Thumb Code   136  gpio.o(i.Adc_GPIO_CONFIG)
    BusFault_Handler                         0x08000921   Thumb Code     4  stm32f10x_it.o(i.BusFault_Handler)
    Calc_Rotor_Speed                         0x08000925   Thumb Code    78  observer.o(i.Calc_Rotor_Speed)
    Clarke                                   0x0800097d   Thumb Code    72  math.o(i.Clarke)
    DBGMCU_Config                            0x080009c5   Thumb Code    26  stm32f10x_dbgmcu.o(i.DBGMCU_Config)
    DebugMon_Handler                         0x080009e5   Thumb Code     2  stm32f10x_it.o(i.DebugMon_Handler)
    GPIO_Init                                0x080009e7   Thumb Code   278  stm32f10x_gpio.o(i.GPIO_Init)
    GPIO_PinLockConfig                       0x08000afd   Thumb Code    18  stm32f10x_gpio.o(i.GPIO_PinLockConfig)
    GPIO_PinRemapConfig                      0x08000b11   Thumb Code   138  stm32f10x_gpio.o(i.GPIO_PinRemapConfig)
    GPIO_ResetBits                           0x08000ba1   Thumb Code     4  stm32f10x_gpio.o(i.GPIO_ResetBits)
    GPIO_SetBits                             0x08000ba5   Thumb Code     4  stm32f10x_gpio.o(i.GPIO_SetBits)
    GPIO_Trigger                             0x08000ba9   Thumb Code    30  gpio.o(i.GPIO_Trigger)
    HardFault_Handler                        0x08000bcd   Thumb Code     4  stm32f10x_it.o(i.HardFault_Handler)
    IsObserverConverged                      0x08000bd1   Thumb Code   336  observer.o(i.IsObserverConverged)
    MCM_Rev_Park                             0x08000d4d   Thumb Code    94  math.o(i.MCM_Rev_Park)
    MCboot                                   0x08000dad   Thumb Code    42  main.o(i.MCboot)
    MediumFrequencyTask                      0x08000de5   Thumb Code    30  control.o(i.MediumFrequencyTask)
    MemManage_Handler                        0x08000e0d   Thumb Code     4  stm32f10x_it.o(i.MemManage_Handler)
    Moto_Start                               0x08000e11   Thumb Code    72  control.o(i.Moto_Start)
    Moto_Stop                                0x08000e5d   Thumb Code    72  control.o(i.Moto_Stop)
    NMI_Handler                              0x08000ea9   Thumb Code     2  stm32f10x_it.o(i.NMI_Handler)
    NVIC_Init                                0x08000ead   Thumb Code   100  misc.o(i.NVIC_Init)
    NVIC_PriorityGroupConfig                 0x08000f1d   Thumb Code    10  misc.o(i.NVIC_PriorityGroupConfig)
    PID_Init                                 0x08000f59   Thumb Code   192  piregulator.o(i.PID_Init)
    PID_Regulator                            0x0800102d   Thumb Code   152  piregulator.o(i.PID_Regulator)
    Park                                     0x080010c5   Thumb Code   164  math.o(i.Park)
    PendSV_Handler                           0x0800116d   Thumb Code     2  stm32f10x_it.o(i.PendSV_Handler)
    RCC_ADCCLKConfig                         0x08001171   Thumb Code    18  stm32f10x_rcc.o(i.RCC_ADCCLKConfig)
    RCC_AHBPeriphClockCmd                    0x08001189   Thumb Code    26  stm32f10x_rcc.o(i.RCC_AHBPeriphClockCmd)
    RCC_APB2PeriphClockCmd                   0x080011a9   Thumb Code    26  stm32f10x_rcc.o(i.RCC_APB2PeriphClockCmd)
    RCC_APB2PeriphResetCmd                   0x080011c9   Thumb Code    26  stm32f10x_rcc.o(i.RCC_APB2PeriphResetCmd)
    RCC_GetClocksFreq                        0x080011e9   Thumb Code   192  stm32f10x_rcc.o(i.RCC_GetClocksFreq)
    RevPark_Circle_Limitation                0x080012bd   Thumb Code    98  math.o(i.RevPark_Circle_Limitation)
    STO_Calc_Rotor_Angle                     0x0800132d   Thumb Code   898  observer.o(i.STO_Calc_Rotor_Angle)
    STO_Calc_Speed                           0x0800173d   Thumb Code   130  observer.o(i.STO_Calc_Speed)
    STO_Gains_Init                           0x080017d9   Thumb Code   180  observer.o(i.STO_Gains_Init)
    STO_Get_Electrical_Angle                 0x080018cd   Thumb Code     8  observer.o(i.STO_Get_Electrical_Angle)
    STO_Get_Speed                            0x080018d9   Thumb Code     8  observer.o(i.STO_Get_Speed)
    STO_Get_Speed_Hz                         0x080018e5   Thumb Code    28  observer.o(i.STO_Get_Speed_Hz)
    STO_Init                                 0x08001901   Thumb Code    50  observer.o(i.STO_Init)
    STO_InitSpeedBuffer                      0x0800195d   Thumb Code    28  observer.o(i.STO_InitSpeedBuffer)
    STO_IsSpeed_Reliable                     0x08001981   Thumb Code     6  observer.o(i.STO_IsSpeed_Reliable)
    STO_Start_Up                             0x0800198d   Thumb Code   240  observer.o(i.STO_Start_Up)
    SVC_Handler                              0x08001aad   Thumb Code     2  stm32f10x_it.o(i.SVC_Handler)
    SVPWM_3ShuntCalcDutyCycles               0x08001ab1   Thumb Code  1328  svpwm.o(i.SVPWM_3ShuntCalcDutyCycles)
    SVPWM_3ShuntGetPhaseCurrentValues        0x08001ff5   Thumb Code   478  currentsening.o(i.SVPWM_3ShuntGetPhaseCurrentValues)
    Speed_PI                                 0x080022d5   Thumb Code   284  observer.o(i.Speed_PI)
    Store_Rotor_Speed                        0x0800241d   Thumb Code    34  observer.o(i.Store_Rotor_Speed)
    SysTickConfig                            0x08002449   Thumb Code    92  main.o(i.SysTickConfig)
    SysTick_Handler                          0x080024ad   Thumb Code    48  control.o(i.SysTick_Handler)
    SystemInit                               0x080024ed   Thumb Code    78  system_stm32f10x.o(i.SystemInit)
    TIM1_GPIO_CONFIG                         0x0800254d   Thumb Code    86  gpio.o(i.TIM1_GPIO_CONFIG)
    TIM1_Mode_Config                         0x080025ad   Thumb Code   328  time_pwm.o(i.TIM1_Mode_Config)
    TIM1_PWM_INIT                            0x080026f9   Thumb Code    12  time_pwm.o(i.TIM1_PWM_INIT)
    TIM1_UP_IRQHandler                       0x08002705   Thumb Code    12  time_pwm.o(i.TIM1_UP_IRQHandler)
    TIM_CCxCmd                               0x08002715   Thumb Code    30  stm32f10x_tim.o(i.TIM_CCxCmd)
    TIM_CCxNCmd                              0x08002733   Thumb Code    30  stm32f10x_tim.o(i.TIM_CCxNCmd)
    TIM_ClearFlag                            0x08002751   Thumb Code     6  stm32f10x_tim.o(i.TIM_ClearFlag)
    TIM_ClearITPendingBit                    0x08002757   Thumb Code     6  stm32f10x_tim.o(i.TIM_ClearITPendingBit)
    TIM_Cmd                                  0x0800275d   Thumb Code    24  stm32f10x_tim.o(i.TIM_Cmd)
    TIM_CtrlPWMOutputs                       0x08002775   Thumb Code    30  stm32f10x_tim.o(i.TIM_CtrlPWMOutputs)
    TIM_ITConfig                             0x08002793   Thumb Code    18  stm32f10x_tim.o(i.TIM_ITConfig)
    TIM_OC1Init                              0x080027a5   Thumb Code   132  stm32f10x_tim.o(i.TIM_OC1Init)
    TIM_OC1PreloadConfig                     0x0800283d   Thumb Code    18  stm32f10x_tim.o(i.TIM_OC1PreloadConfig)
    TIM_OC2Init                              0x08002851   Thumb Code   154  stm32f10x_tim.o(i.TIM_OC2Init)
    TIM_OC2PreloadConfig                     0x080028f5   Thumb Code    26  stm32f10x_tim.o(i.TIM_OC2PreloadConfig)
    TIM_OC3Init                              0x08002911   Thumb Code   150  stm32f10x_tim.o(i.TIM_OC3Init)
    TIM_OC3PreloadConfig                     0x080029b1   Thumb Code    18  stm32f10x_tim.o(i.TIM_OC3PreloadConfig)
    TIM_OC4Init                              0x080029c5   Thumb Code   114  stm32f10x_tim.o(i.TIM_OC4Init)
    TIM_OC4PreloadConfig                     0x08002a41   Thumb Code    26  stm32f10x_tim.o(i.TIM_OC4PreloadConfig)
    TIM_OCStructInit                         0x08002a5b   Thumb Code    20  stm32f10x_tim.o(i.TIM_OCStructInit)
    TIM_SelectOutputTrigger                  0x08002a6f   Thumb Code    18  stm32f10x_tim.o(i.TIM_SelectOutputTrigger)
    TIM_TimeBaseInit                         0x08002a81   Thumb Code   122  stm32f10x_tim.o(i.TIM_TimeBaseInit)
    Trig_Functions                           0x08002b25   Thumb Code   182  math.o(i.Trig_Functions)
    UARTC_HandleTxd                          0x08002be1   Thumb Code    32  usart.o(i.UARTC_HandleTxd)
    UARTC_PutChar                            0x08002c09   Thumb Code    74  usart.o(i.UARTC_PutChar)
    UARTC_ReadTxBuf                          0x08002c59   Thumb Code    56  usart.o(i.UARTC_ReadTxBuf)
    USART1_IRQHandler                        0x08002c95   Thumb Code   122  usart.o(i.USART1_IRQHandler)
    USART_Cmd                                0x08002d1d   Thumb Code    24  stm32f10x_usart.o(i.USART_Cmd)
    USART_GetFlagStatus                      0x08002d35   Thumb Code    26  stm32f10x_usart.o(i.USART_GetFlagStatus)
    USART_GetITStatus                        0x08002d4f   Thumb Code    84  stm32f10x_usart.o(i.USART_GetITStatus)
    USART_ITConfig                           0x08002da3   Thumb Code    74  stm32f10x_usart.o(i.USART_ITConfig)
    USART_Init                               0x08002ded   Thumb Code   210  stm32f10x_usart.o(i.USART_Init)
    USART_ReceiveData                        0x08002ec5   Thumb Code    10  stm32f10x_usart.o(i.USART_ReceiveData)
    UsageFault_Handler                       0x08002ecf   Thumb Code     4  stm32f10x_it.o(i.UsageFault_Handler)
    _sys_exit                                0x08002ed3   Thumb Code     6  usart.o(i._sys_exit)
    main                                     0x08002ed9   Thumb Code    32  main.o(i.main)
    uart_init                                0x08002ef9   Thumb Code   164  usart.o(i.uart_init)
    __aeabi_ddiv                             0x08002fa5   Thumb Code     0  ddiv.o(x$fpl$ddiv)
    _ddiv                                    0x08002fa5   Thumb Code   552  ddiv.o(x$fpl$ddiv)
    __aeabi_d2iz                             0x08003255   Thumb Code     0  dfix.o(x$fpl$dfix)
    _dfix                                    0x08003255   Thumb Code    94  dfix.o(x$fpl$dfix)
    __aeabi_i2d                              0x080032b3   Thumb Code     0  dflt_clz.o(x$fpl$dflt)
    _dflt                                    0x080032b3   Thumb Code    46  dflt_clz.o(x$fpl$dflt)
    __aeabi_dmul                             0x080032e1   Thumb Code     0  dmul.o(x$fpl$dmul)
    _dmul                                    0x080032e1   Thumb Code   332  dmul.o(x$fpl$dmul)
    __fpl_dnaninf                            0x08003435   Thumb Code   156  dnaninf.o(x$fpl$dnaninf)
    __fpl_dretinf                            0x080034d1   Thumb Code    12  dretinf.o(x$fpl$dretinf)
    __I$use$fp                               0x080034dc   Number         0  usenofp.o(x$fpl$usenofp)
    circle_limit_table                       0x080034dc   Data         134  math.o(.constdata)
    hSin_Cos_Table                           0x08003562   Data         512  math.o(.constdata)
    Region$$Table$$Base                      0x08003764   Number         0  anon$$obj.o(Region$$Table)
    Region$$Table$$Limit                     0x08003784   Number         0  anon$$obj.o(Region$$Table)
    SystemCoreClock                          0x20000000   Data           4  system_stm32f10x.o(.data)
    AHBPrescTable                            0x20000004   Data          16  system_stm32f10x.o(.data)
    __stdout                                 0x20000014   Data           4  usart.o(.data)
    USART_RX_STA                             0x20000018   Data           2  usart.o(.data)
    ADC_IRQ_flag                             0x2000002e   Data           1  control.o(.data)
    usart_flag                               0x20000030   Data           2  control.o(.data)
    openflag                                 0x20000032   Data           1  control.o(.data)
    bMC1msCompleted                          0x20000033   Data           1  control.o(.data)
    Motor_Control_Mode                       0x20000034   Data           1  control.o(.data)
    feedback_speed                           0x20000036   Data           2  control.o(.data)
    hTorque_Reference                        0x2000003a   Data           2  control.o(.data)
    hFlux_Reference                          0x2000003c   Data           2  control.o(.data)
    hElAngledpp                              0x20000042   Data           2  control.o(.data)
    cnt_test1                                0x20000044   Data           2  control.o(.data)
    cnt_test2                                0x20000046   Data           2  control.o(.data)
    cnt_test                                 0x20000048   Data           2  control.o(.data)
    hPhaseAOffset                            0x2000004c   Data           2  adc.o(.data)
    hPhaseBOffset                            0x2000004e   Data           2  adc.o(.data)
    hPhaseCOffset                            0x20000050   Data           2  adc.o(.data)
    Stat_Curr_a_b                            0x20000058   Data           4  math.o(.data)
    Stat_Curr_alfa_beta                      0x2000005c   Data           4  math.o(.data)
    Stat_Curr_q_d                            0x20000060   Data           4  math.o(.data)
    Stat_Volt_a_b                            0x20000064   Data           4  math.o(.data)
    Stat_Volt_q_d                            0x20000068   Data           4  math.o(.data)
    Stat_Volt_alfa_beta                      0x2000006c   Data           4  math.o(.data)
    Start_Up_State                           0x20000070   Data           1  observer.o(.data)
    hSpeed_Reference                         0x20000072   Data           2  observer.o(.data)
    hAngle                                   0x20000074   Data           2  observer.o(.data)
    obser_covflg                             0x20000076   Data           1  observer.o(.data)
    wTime                                    0x20000078   Data           4  observer.o(.data)
    wStart_Up_Freq                           0x2000007c   Data           4  observer.o(.data)
    hForceElAngle                            0x20000088   Data           2  observer.o(.data)
    FREQ_INC_test                            0x2000008a   Data           2  observer.o(.data)
    wIalfa_est                               0x2000008c   Data           4  observer.o(.data)
    wIbeta_est                               0x20000090   Data           4  observer.o(.data)
    hBemf_alfa_est                           0x200000a0   Data           2  observer.o(.data)
    hBemf_beta_est                           0x200000a2   Data           2  observer.o(.data)
    hRotor_El_Angle                          0x200000a4   Data           2  observer.o(.data)
    hRotor_Speed_dpp                         0x200000a6   Data           2  observer.o(.data)
    hSpeed_P_Gain                            0x200000a8   Data           2  observer.o(.data)
    hSpeed_I_Gain                            0x200000aa   Data           2  observer.o(.data)
    hF1                                      0x200000b4   Data           2  observer.o(.data)
    hF2                                      0x200000b6   Data           2  observer.o(.data)
    hF3                                      0x200000b8   Data           2  observer.o(.data)
    hC1                                      0x200000ba   Data           2  observer.o(.data)
    hC3                                      0x200000bc   Data           2  observer.o(.data)
    hC5                                      0x200000be   Data           2  observer.o(.data)
    hC6                                      0x200000c0   Data           2  observer.o(.data)
    wMotorMaxSpeed_dpp                       0x200000c4   Data           4  observer.o(.data)
    hRotor_Speed                             0x200000ca   Data           2  observer.o(.data)
    leewBemf_alfa_est1                       0x200000cc   Data           2  observer.o(.data)
    leewBemf_alfa_est2                       0x200000ce   Data           2  observer.o(.data)
    leewBemf_beta_est1                       0x200000d0   Data           2  observer.o(.data)
    leewBemf_beta_est2                       0x200000d2   Data           2  observer.o(.data)
    leewIalfa_est1                           0x200000d4   Data           2  observer.o(.data)
    leewIalfa_est2                           0x200000d6   Data           2  observer.o(.data)
    leewIbeta_est1                           0x200000d8   Data           2  observer.o(.data)
    leewIbeta_est2                           0x200000da   Data           2  observer.o(.data)
    bDirection_out                           0x200000dc   Data           4  observer.o(.data)
    fang_test1                               0x200000e0   Data           1  observer.o(.data)
    fang_test2                               0x200000e1   Data           1  observer.o(.data)
    wIalfa_est_Next                          0x200000e4   Data           4  observer.o(.data)
    wIbeta_est_Next                          0x200000e8   Data           4  observer.o(.data)
    wBemf_alfa_est_Next                      0x200000ec   Data           4  observer.o(.data)
    wBemf_beta_est_Next                      0x200000f0   Data           4  observer.o(.data)
    hValfa                                   0x200000f4   Data           2  observer.o(.data)
    hVbeta                                   0x200000f6   Data           2  observer.o(.data)
    hIalfa_err                               0x200000f8   Data           2  observer.o(.data)
    hIbeta_err                               0x200000fa   Data           2  observer.o(.data)
    Is_Speed_Reliable_flag                   0x200000fc   Data           1  observer.o(.data)
    hEstimatedSpeed                          0x200000fe   Data           2  observer.o(.data)
    hUpperThreshold                          0x20000100   Data           2  observer.o(.data)
    hLowerThreshold                          0x20000102   Data           2  observer.o(.data)
    leeupcnt                                 0x20000104   Data           1  observer.o(.data)
    leelowcnt                                0x20000105   Data           1  observer.o(.data)
    leeupcnt1                                0x20000106   Data           1  observer.o(.data)
    leelowcnt1                               0x20000107   Data           1  observer.o(.data)
    leespdeffcnt                             0x20000108   Data           1  observer.o(.data)
    bConvCounter                             0x2000010a   Data           2  observer.o(.data)
    hMecSpeed01Hzltmp2                       0x2000010c   Data           2  observer.o(.data)
    STOGet_Speed                             0x2000010e   Data           2  observer.o(.data)
    wSpeed_PI_error                          0x20000110   Data           4  observer.o(.data)
    wOutput                                  0x20000114   Data           4  observer.o(.data)
    wSpeed_PI_proportional_term              0x20000118   Data           4  observer.o(.data)
    wSpeed_PI_integral_term                  0x2000011c   Data           4  observer.o(.data)
    PWM4Direction                            0x20000120   Data           1  svpwm.o(.data)
    bSector                                  0x20000121   Data           1  svpwm.o(.data)
    wX                                       0x20000124   Data           4  svpwm.o(.data)
    wY                                       0x20000128   Data           4  svpwm.o(.data)
    wZ                                       0x2000012c   Data           4  svpwm.o(.data)
    wUAlpha                                  0x20000130   Data           4  svpwm.o(.data)
    wUBeta                                   0x20000134   Data           4  svpwm.o(.data)
    wAux                                     0x20000138   Data           4  currentsening.o(.data)
    temptheta                                0x2000013c   Data           4  smco.o(.data)
    Kself_omega0                             0x20000140   Data           2  smco.o(.data)
    EstIalpha_test                           0x20000142   Data           2  smco.o(.data)
    IalphaError_test                         0x20000144   Data           2  smco.o(.data)
    Ialpha_test                              0x20000146   Data           2  smco.o(.data)
    pvTemp                                   0x20000148   Data           8  smco.o(.data)
    PrevTheta                                0x20000150   Data           2  smco.o(.data)
    AccumTheta                               0x20000152   Data           2  smco.o(.data)
    AccumThetaCnt                            0x20000154   Data           4  smco.o(.data)
    Startup_Ramp                             0x20000158   Data           4  smco.o(.data)
    DELTA_STARTUP_RAMP_test                  0x2000015c   Data           4  smco.o(.data)
    EndSpeed                                 0x20000160   Data           4  smco.o(.data)
    Speed_fb_dpp                             0x20000164   Data           2  smco.o(.data)
    USART_RX_BUF                             0x20000168   Data         200  usart.o(.bss)
    UARTCBuf                                 0x20000230   Data          54  usart.o(.bss)
    PID_Flux_InitStructure                   0x20000268   Data          32  control.o(.bss)
    PID_Torque_InitStructure                 0x20000288   Data          32  control.o(.bss)
    PID_Speed_InitStructure                  0x200002a8   Data          32  control.o(.bss)
    hSpeed_Buffer                            0x200002c8   Data         128  observer.o(.bss)
    __libspace_start                         0x20000348   Data          96  libspace.o(.bss)
    __temporary_stack_top$libspace           0x200003a8   Data           0  libspace.o(.bss)



==============================================================================

Memory Map of the image

  Image Entry point : 0x0800020d

  Load Region LR_1 (Base: 0x08000000, Size: 0x000038ec, Max: 0xffffffff, ABSOLUTE, COMPRESSED[0x000037ac])

    Execution Region ER_RO (Exec base: 0x08000000, Load base: 0x08000000, Size: 0x00003784, Max: 0xffffffff, ABSOLUTE)

    Exec Addr    Load Addr    Size         Type   Attr      Idx    E Section Name        Object

    0x08000000   0x08000000   0x00000130   Data   RO          430    RESET               startup_stm32f10x_hd.o
    0x08000130   0x08000130   0x00000008   Code   RO         3825  * !!!main             c_w.l(__main.o)
    0x08000138   0x08000138   0x00000034   Code   RO         4003    !!!scatter          c_w.l(__scatter.o)
    0x0800016c   0x0800016c   0x0000005a   Code   RO         4001    !!dczerorl2         c_w.l(__dczerorl2.o)
    0x080001c6   0x080001c6   0x00000002   PAD
    0x080001c8   0x080001c8   0x0000001c   Code   RO         4005    !!handler_zi        c_w.l(__scatter_zi.o)
    0x080001e4   0x080001e4   0x00000002   Code   RO         3875    .ARM.Collect$$libinit$$00000000  c_w.l(libinit.o)
    0x080001e6   0x080001e6   0x00000000   Code   RO         3882    .ARM.Collect$$libinit$$00000002  c_w.l(libinit2.o)
    0x080001e6   0x080001e6   0x00000000   Code   RO         3884    .ARM.Collect$$libinit$$00000004  c_w.l(libinit2.o)
    0x080001e6   0x080001e6   0x00000000   Code   RO         3887    .ARM.Collect$$libinit$$0000000A  c_w.l(libinit2.o)
    0x080001e6   0x080001e6   0x00000000   Code   RO         3889    .ARM.Collect$$libinit$$0000000C  c_w.l(libinit2.o)
    0x080001e6   0x080001e6   0x00000000   Code   RO         3891    .ARM.Collect$$libinit$$0000000E  c_w.l(libinit2.o)
    0x080001e6   0x080001e6   0x00000000   Code   RO         3894    .ARM.Collect$$libinit$$00000011  c_w.l(libinit2.o)
    0x080001e6   0x080001e6   0x00000000   Code   RO         3896    .ARM.Collect$$libinit$$00000013  c_w.l(libinit2.o)
    0x080001e6   0x080001e6   0x00000000   Code   RO         3898    .ARM.Collect$$libinit$$00000015  c_w.l(libinit2.o)
    0x080001e6   0x080001e6   0x00000000   Code   RO         3900    .ARM.Collect$$libinit$$00000017  c_w.l(libinit2.o)
    0x080001e6   0x080001e6   0x00000000   Code   RO         3902    .ARM.Collect$$libinit$$00000019  c_w.l(libinit2.o)
    0x080001e6   0x080001e6   0x00000000   Code   RO         3904    .ARM.Collect$$libinit$$0000001B  c_w.l(libinit2.o)
    0x080001e6   0x080001e6   0x00000000   Code   RO         3906    .ARM.Collect$$libinit$$0000001D  c_w.l(libinit2.o)
    0x080001e6   0x080001e6   0x00000000   Code   RO         3908    .ARM.Collect$$libinit$$0000001F  c_w.l(libinit2.o)
    0x080001e6   0x080001e6   0x00000000   Code   RO         3910    .ARM.Collect$$libinit$$00000021  c_w.l(libinit2.o)
    0x080001e6   0x080001e6   0x00000000   Code   RO         3912    .ARM.Collect$$libinit$$00000023  c_w.l(libinit2.o)
    0x080001e6   0x080001e6   0x00000000   Code   RO         3914    .ARM.Collect$$libinit$$00000025  c_w.l(libinit2.o)
    0x080001e6   0x080001e6   0x00000000   Code   RO         3918    .ARM.Collect$$libinit$$0000002C  c_w.l(libinit2.o)
    0x080001e6   0x080001e6   0x00000000   Code   RO         3920    .ARM.Collect$$libinit$$0000002E  c_w.l(libinit2.o)
    0x080001e6   0x080001e6   0x00000000   Code   RO         3922    .ARM.Collect$$libinit$$00000030  c_w.l(libinit2.o)
    0x080001e6   0x080001e6   0x00000000   Code   RO         3924    .ARM.Collect$$libinit$$00000032  c_w.l(libinit2.o)
    0x080001e6   0x080001e6   0x00000002   Code   RO         3925    .ARM.Collect$$libinit$$00000033  c_w.l(libinit2.o)
    0x080001e8   0x080001e8   0x00000002   Code   RO         3943    .ARM.Collect$$libshutdown$$00000000  c_w.l(libshutdown.o)
    0x080001ea   0x080001ea   0x00000000   Code   RO         3953    .ARM.Collect$$libshutdown$$00000002  c_w.l(libshutdown2.o)
    0x080001ea   0x080001ea   0x00000000   Code   RO         3955    .ARM.Collect$$libshutdown$$00000004  c_w.l(libshutdown2.o)
    0x080001ea   0x080001ea   0x00000000   Code   RO         3958    .ARM.Collect$$libshutdown$$00000007  c_w.l(libshutdown2.o)
    0x080001ea   0x080001ea   0x00000000   Code   RO         3961    .ARM.Collect$$libshutdown$$0000000A  c_w.l(libshutdown2.o)
    0x080001ea   0x080001ea   0x00000000   Code   RO         3963    .ARM.Collect$$libshutdown$$0000000C  c_w.l(libshutdown2.o)
    0x080001ea   0x080001ea   0x00000000   Code   RO         3966    .ARM.Collect$$libshutdown$$0000000F  c_w.l(libshutdown2.o)
    0x080001ea   0x080001ea   0x00000002   Code   RO         3967    .ARM.Collect$$libshutdown$$00000010  c_w.l(libshutdown2.o)
    0x080001ec   0x080001ec   0x00000000   Code   RO         3845    .ARM.Collect$$rtentry$$00000000  c_w.l(__rtentry.o)
    0x080001ec   0x080001ec   0x00000000   Code   RO         3852    .ARM.Collect$$rtentry$$00000002  c_w.l(__rtentry2.o)
    0x080001ec   0x080001ec   0x00000006   Code   RO         3864    .ARM.Collect$$rtentry$$00000004  c_w.l(__rtentry4.o)
    0x080001f2   0x080001f2   0x00000000   Code   RO         3854    .ARM.Collect$$rtentry$$00000009  c_w.l(__rtentry2.o)
    0x080001f2   0x080001f2   0x00000004   Code   RO         3855    .ARM.Collect$$rtentry$$0000000A  c_w.l(__rtentry2.o)
    0x080001f6   0x080001f6   0x00000000   Code   RO         3857    .ARM.Collect$$rtentry$$0000000C  c_w.l(__rtentry2.o)
    0x080001f6   0x080001f6   0x00000008   Code   RO         3858    .ARM.Collect$$rtentry$$0000000D  c_w.l(__rtentry2.o)
    0x080001fe   0x080001fe   0x00000002   Code   RO         3879    .ARM.Collect$$rtexit$$00000000  c_w.l(rtexit.o)
    0x08000200   0x08000200   0x00000000   Code   RO         3927    .ARM.Collect$$rtexit$$00000002  c_w.l(rtexit2.o)
    0x08000200   0x08000200   0x00000004   Code   RO         3928    .ARM.Collect$$rtexit$$00000003  c_w.l(rtexit2.o)
    0x08000204   0x08000204   0x00000006   Code   RO         3929    .ARM.Collect$$rtexit$$00000004  c_w.l(rtexit2.o)
    0x0800020a   0x0800020a   0x00000002   PAD
    0x0800020c   0x0800020c   0x00000040   Code   RO          431  * .text               startup_stm32f10x_hd.o
    0x0800024c   0x0800024c   0x00000002   Code   RO         3821    .text               c_w.l(use_no_semi_2.o)
    0x0800024e   0x0800024e   0x00000006   Code   RO         3823    .text               c_w.l(heapauxi.o)
    0x08000254   0x08000254   0x00000002   Code   RO         3843    .text               c_w.l(use_no_semi.o)
    0x08000256   0x08000256   0x0000004a   Code   RO         3866    .text               c_w.l(sys_stackheap_outer.o)
    0x080002a0   0x080002a0   0x00000012   Code   RO         3868    .text               c_w.l(exit.o)
    0x080002b2   0x080002b2   0x00000002   PAD
    0x080002b4   0x080002b4   0x00000008   Code   RO         3876    .text               c_w.l(libspace.o)
    0x080002bc   0x080002bc   0x00000200   Code   RO         3402    i.ADC1_2_IRQHandler  control.o
    0x080004bc   0x080004bc   0x00000006   Code   RO          475    i.ADC_ClearFlag     stm32f10x_adc.o
    0x080004c2   0x080004c2   0x00000016   Code   RO          477    i.ADC_Cmd           stm32f10x_adc.o
    0x080004d8   0x080004d8   0x0000005c   Code   RO          479    i.ADC_DeInit        stm32f10x_adc.o
    0x08000534   0x08000534   0x00000016   Code   RO          483    i.ADC_ExternalTrigInjectedConvCmd  stm32f10x_adc.o
    0x0800054a   0x0800054a   0x00000010   Code   RO          484    i.ADC_ExternalTrigInjectedConvConfig  stm32f10x_adc.o
    0x0800055a   0x0800055a   0x00000014   Code   RO          485    i.ADC_GetCalibrationStatus  stm32f10x_adc.o
    0x0800056e   0x0800056e   0x00000012   Code   RO          488    i.ADC_GetFlagStatus  stm32f10x_adc.o
    0x08000580   0x08000580   0x0000001c   Code   RO          490    i.ADC_GetInjectedConversionValue  stm32f10x_adc.o
    0x0800059c   0x0800059c   0x0000000c   Code   RO         3445    i.ADC_INIT          adc.o
    0x080005a8   0x080005a8   0x00000018   Code   RO          494    i.ADC_ITConfig      stm32f10x_adc.o
    0x080005c0   0x080005c0   0x00000050   Code   RO          495    i.ADC_Init          stm32f10x_adc.o
    0x08000610   0x08000610   0x00000082   Code   RO          496    i.ADC_InjectedChannelConfig  stm32f10x_adc.o
    0x08000692   0x08000692   0x00000018   Code   RO          498    i.ADC_InjectedSequencerLengthConfig  stm32f10x_adc.o
    0x080006aa   0x080006aa   0x00000002   PAD
    0x080006ac   0x080006ac   0x00000198   Code   RO         3446    i.ADC_Mode_Config   adc.o
    0x08000844   0x08000844   0x00000016   Code   RO          502    i.ADC_SoftwareStartConvCmd  stm32f10x_adc.o
    0x0800085a   0x0800085a   0x00000016   Code   RO          503    i.ADC_SoftwareStartInjectedConvCmd  stm32f10x_adc.o
    0x08000870   0x08000870   0x0000000a   Code   RO          504    i.ADC_StartCalibration  stm32f10x_adc.o
    0x0800087a   0x0800087a   0x00000012   Code   RO          505    i.ADC_StructInit    stm32f10x_adc.o
    0x0800088c   0x0800088c   0x00000094   Code   RO         3470    i.Adc_GPIO_CONFIG   gpio.o
    0x08000920   0x08000920   0x00000004   Code   RO          183    i.BusFault_Handler  stm32f10x_it.o
    0x08000924   0x08000924   0x00000058   Code   RO         3565    i.Calc_Rotor_Speed  observer.o
    0x0800097c   0x0800097c   0x00000048   Code   RO         3518    i.Clarke            math.o
    0x080009c4   0x080009c4   0x00000020   Code   RO         1136    i.DBGMCU_Config     stm32f10x_dbgmcu.o
    0x080009e4   0x080009e4   0x00000002   Code   RO          184    i.DebugMon_Handler  stm32f10x_it.o
    0x080009e6   0x080009e6   0x00000116   Code   RO         1586    i.GPIO_Init         stm32f10x_gpio.o
    0x08000afc   0x08000afc   0x00000012   Code   RO         1587    i.GPIO_PinLockConfig  stm32f10x_gpio.o
    0x08000b0e   0x08000b0e   0x00000002   PAD
    0x08000b10   0x08000b10   0x00000090   Code   RO         1588    i.GPIO_PinRemapConfig  stm32f10x_gpio.o
    0x08000ba0   0x08000ba0   0x00000004   Code   RO         1593    i.GPIO_ResetBits    stm32f10x_gpio.o
    0x08000ba4   0x08000ba4   0x00000004   Code   RO         1594    i.GPIO_SetBits      stm32f10x_gpio.o
    0x08000ba8   0x08000ba8   0x00000024   Code   RO         3471    i.GPIO_Trigger      gpio.o
    0x08000bcc   0x08000bcc   0x00000004   Code   RO          185    i.HardFault_Handler  stm32f10x_it.o
    0x08000bd0   0x08000bd0   0x0000017c   Code   RO         3566    i.IsObserverConverged  observer.o
    0x08000d4c   0x08000d4c   0x0000005e   Code   RO         3519    i.MCM_Rev_Park      math.o
    0x08000daa   0x08000daa   0x00000002   PAD
    0x08000dac   0x08000dac   0x00000038   Code   RO            1    i.MCboot            main.o
    0x08000de4   0x08000de4   0x00000028   Code   RO         3403    i.MediumFrequencyTask  control.o
    0x08000e0c   0x08000e0c   0x00000004   Code   RO          186    i.MemManage_Handler  stm32f10x_it.o
    0x08000e10   0x08000e10   0x0000004c   Code   RO         3404    i.Moto_Start        control.o
    0x08000e5c   0x08000e5c   0x0000004c   Code   RO         3405    i.Moto_Stop         control.o
    0x08000ea8   0x08000ea8   0x00000002   Code   RO          187    i.NMI_Handler       stm32f10x_it.o
    0x08000eaa   0x08000eaa   0x00000002   PAD
    0x08000eac   0x08000eac   0x00000070   Code   RO          435    i.NVIC_Init         misc.o
    0x08000f1c   0x08000f1c   0x00000014   Code   RO          436    i.NVIC_PriorityGroupConfig  misc.o
    0x08000f30   0x08000f30   0x00000028   Code   RO            2    i.NVIC_SetPriority  main.o
    0x08000f58   0x08000f58   0x000000d4   Code   RO         3699    i.PID_Init          piregulator.o
    0x0800102c   0x0800102c   0x00000098   Code   RO         3700    i.PID_Regulator     piregulator.o
    0x080010c4   0x080010c4   0x000000a8   Code   RO         3520    i.Park              math.o
    0x0800116c   0x0800116c   0x00000002   Code   RO          188    i.PendSV_Handler    stm32f10x_it.o
    0x0800116e   0x0800116e   0x00000002   PAD
    0x08001170   0x08001170   0x00000018   Code   RO         2000    i.RCC_ADCCLKConfig  stm32f10x_rcc.o
    0x08001188   0x08001188   0x00000020   Code   RO         2001    i.RCC_AHBPeriphClockCmd  stm32f10x_rcc.o
    0x080011a8   0x080011a8   0x00000020   Code   RO         2004    i.RCC_APB2PeriphClockCmd  stm32f10x_rcc.o
    0x080011c8   0x080011c8   0x00000020   Code   RO         2005    i.RCC_APB2PeriphResetCmd  stm32f10x_rcc.o
    0x080011e8   0x080011e8   0x000000d4   Code   RO         2012    i.RCC_GetClocksFreq  stm32f10x_rcc.o
    0x080012bc   0x080012bc   0x00000070   Code   RO         3521    i.RevPark_Circle_Limitation  math.o
    0x0800132c   0x0800132c   0x00000410   Code   RO         3567    i.STO_Calc_Rotor_Angle  observer.o
    0x0800173c   0x0800173c   0x0000009c   Code   RO         3568    i.STO_Calc_Speed    observer.o
    0x080017d8   0x080017d8   0x000000f4   Code   RO         3569    i.STO_Gains_Init    observer.o
    0x080018cc   0x080018cc   0x0000000c   Code   RO         3571    i.STO_Get_Electrical_Angle  observer.o
    0x080018d8   0x080018d8   0x0000000c   Code   RO         3572    i.STO_Get_Speed     observer.o
    0x080018e4   0x080018e4   0x0000001c   Code   RO         3573    i.STO_Get_Speed_Hz  observer.o
    0x08001900   0x08001900   0x0000005c   Code   RO         3578    i.STO_Init          observer.o
    0x0800195c   0x0800195c   0x00000024   Code   RO         3579    i.STO_InitSpeedBuffer  observer.o
    0x08001980   0x08001980   0x0000000c   Code   RO         3580    i.STO_IsSpeed_Reliable  observer.o
    0x0800198c   0x0800198c   0x00000120   Code   RO         3582    i.STO_Start_Up      observer.o
    0x08001aac   0x08001aac   0x00000002   Code   RO          189    i.SVC_Handler       stm32f10x_it.o
    0x08001aae   0x08001aae   0x00000002   PAD
    0x08001ab0   0x08001ab0   0x00000544   Code   RO         3723    i.SVPWM_3ShuntCalcDutyCycles  svpwm.o
    0x08001ff4   0x08001ff4   0x000001f8   Code   RO         3747    i.SVPWM_3ShuntGetPhaseCurrentValues  currentsening.o
    0x080021ec   0x080021ec   0x00000008   Code   RO          266    i.SetSysClock       system_stm32f10x.o
    0x080021f4   0x080021f4   0x000000e0   Code   RO          267    i.SetSysClockTo72   system_stm32f10x.o
    0x080022d4   0x080022d4   0x00000148   Code   RO         3583    i.Speed_PI          observer.o
    0x0800241c   0x0800241c   0x0000002c   Code   RO         3584    i.Store_Rotor_Speed  observer.o
    0x08002448   0x08002448   0x00000064   Code   RO            3    i.SysTickConfig     main.o
    0x080024ac   0x080024ac   0x00000040   Code   RO         3406    i.SysTick_Handler   control.o
    0x080024ec   0x080024ec   0x00000060   Code   RO          269    i.SystemInit        system_stm32f10x.o
    0x0800254c   0x0800254c   0x00000060   Code   RO         3472    i.TIM1_GPIO_CONFIG  gpio.o
    0x080025ac   0x080025ac   0x0000014c   Code   RO         3494    i.TIM1_Mode_Config  time_pwm.o
    0x080026f8   0x080026f8   0x0000000c   Code   RO         3495    i.TIM1_PWM_INIT     time_pwm.o
    0x08002704   0x08002704   0x00000010   Code   RO         3496    i.TIM1_UP_IRQHandler  time_pwm.o
    0x08002714   0x08002714   0x0000001e   Code   RO         2628    i.TIM_CCxCmd        stm32f10x_tim.o
    0x08002732   0x08002732   0x0000001e   Code   RO         2629    i.TIM_CCxNCmd       stm32f10x_tim.o
    0x08002750   0x08002750   0x00000006   Code   RO         2630    i.TIM_ClearFlag     stm32f10x_tim.o
    0x08002756   0x08002756   0x00000006   Code   RO         2631    i.TIM_ClearITPendingBit  stm32f10x_tim.o
    0x0800275c   0x0800275c   0x00000018   Code   RO         2636    i.TIM_Cmd           stm32f10x_tim.o
    0x08002774   0x08002774   0x0000001e   Code   RO         2638    i.TIM_CtrlPWMOutputs  stm32f10x_tim.o
    0x08002792   0x08002792   0x00000012   Code   RO         2661    i.TIM_ITConfig      stm32f10x_tim.o
    0x080027a4   0x080027a4   0x00000098   Code   RO         2665    i.TIM_OC1Init       stm32f10x_tim.o
    0x0800283c   0x0800283c   0x00000012   Code   RO         2668    i.TIM_OC1PreloadConfig  stm32f10x_tim.o
    0x0800284e   0x0800284e   0x00000002   PAD
    0x08002850   0x08002850   0x000000a4   Code   RO         2670    i.TIM_OC2Init       stm32f10x_tim.o
    0x080028f4   0x080028f4   0x0000001a   Code   RO         2673    i.TIM_OC2PreloadConfig  stm32f10x_tim.o
    0x0800290e   0x0800290e   0x00000002   PAD
    0x08002910   0x08002910   0x000000a0   Code   RO         2675    i.TIM_OC3Init       stm32f10x_tim.o
    0x080029b0   0x080029b0   0x00000012   Code   RO         2678    i.TIM_OC3PreloadConfig  stm32f10x_tim.o
    0x080029c2   0x080029c2   0x00000002   PAD
    0x080029c4   0x080029c4   0x0000007c   Code   RO         2680    i.TIM_OC4Init       stm32f10x_tim.o
    0x08002a40   0x08002a40   0x0000001a   Code   RO         2682    i.TIM_OC4PreloadConfig  stm32f10x_tim.o
    0x08002a5a   0x08002a5a   0x00000014   Code   RO         2683    i.TIM_OCStructInit  stm32f10x_tim.o
    0x08002a6e   0x08002a6e   0x00000012   Code   RO         2693    i.TIM_SelectOutputTrigger  stm32f10x_tim.o
    0x08002a80   0x08002a80   0x000000a4   Code   RO         2707    i.TIM_TimeBaseInit  stm32f10x_tim.o
    0x08002b24   0x08002b24   0x000000bc   Code   RO         3522    i.Trig_Functions    math.o
    0x08002be0   0x08002be0   0x00000028   Code   RO          359    i.UARTC_HandleTxd   usart.o
    0x08002c08   0x08002c08   0x00000050   Code   RO          360    i.UARTC_PutChar     usart.o
    0x08002c58   0x08002c58   0x0000003c   Code   RO          361    i.UARTC_ReadTxBuf   usart.o
    0x08002c94   0x08002c94   0x00000088   Code   RO          362    i.USART1_IRQHandler  usart.o
    0x08002d1c   0x08002d1c   0x00000018   Code   RO         3172    i.USART_Cmd         stm32f10x_usart.o
    0x08002d34   0x08002d34   0x0000001a   Code   RO         3175    i.USART_GetFlagStatus  stm32f10x_usart.o
    0x08002d4e   0x08002d4e   0x00000054   Code   RO         3176    i.USART_GetITStatus  stm32f10x_usart.o
    0x08002da2   0x08002da2   0x0000004a   Code   RO         3178    i.USART_ITConfig    stm32f10x_usart.o
    0x08002dec   0x08002dec   0x000000d8   Code   RO         3179    i.USART_Init        stm32f10x_usart.o
    0x08002ec4   0x08002ec4   0x0000000a   Code   RO         3186    i.USART_ReceiveData  stm32f10x_usart.o
    0x08002ece   0x08002ece   0x00000004   Code   RO          190    i.UsageFault_Handler  stm32f10x_it.o
    0x08002ed2   0x08002ed2   0x00000006   Code   RO          363    i._sys_exit         usart.o
    0x08002ed8   0x08002ed8   0x00000020   Code   RO            4    i.main              main.o
    0x08002ef8   0x08002ef8   0x000000ac   Code   RO          365    i.uart_init         usart.o
    0x08002fa4   0x08002fa4   0x000002b0   Code   RO         3828    x$fpl$ddiv          fz_ws.l(ddiv.o)
    0x08003254   0x08003254   0x0000005e   Code   RO         3831    x$fpl$dfix          fz_ws.l(dfix.o)
    0x080032b2   0x080032b2   0x0000002e   Code   RO         3836    x$fpl$dflt          fz_ws.l(dflt_clz.o)
    0x080032e0   0x080032e0   0x00000154   Code   RO         3841    x$fpl$dmul          fz_ws.l(dmul.o)
    0x08003434   0x08003434   0x0000009c   Code   RO         3846    x$fpl$dnaninf       fz_ws.l(dnaninf.o)
    0x080034d0   0x080034d0   0x0000000c   Code   RO         3848    x$fpl$dretinf       fz_ws.l(dretinf.o)
    0x080034dc   0x080034dc   0x00000000   Code   RO         3850    x$fpl$usenofp       fz_ws.l(usenofp.o)
    0x080034dc   0x080034dc   0x00000286   Data   RO         3523    .constdata          math.o
    0x08003762   0x08003762   0x00000002   PAD
    0x08003764   0x08003764   0x00000020   Data   RO         3999    Region$$Table       anon$$obj.o


    Execution Region ER_RW (Exec base: 0x20000000, Load base: 0x08003784, Size: 0x00000168, Max: 0xffffffff, ABSOLUTE, COMPRESSED[0x00000028])

    Exec Addr    Load Addr    Size         Type   Attr      Idx    E Section Name        Object

    0x20000000   COMPRESSED   0x00000014   Data   RW          270    .data               system_stm32f10x.o
    0x20000014   COMPRESSED   0x00000006   Data   RW          367    .data               usart.o
    0x2000001a   COMPRESSED   0x00000014   Data   RW         2032    .data               stm32f10x_rcc.o
    0x2000002e   COMPRESSED   0x0000001e   Data   RW         3408    .data               control.o
    0x2000004c   COMPRESSED   0x00000008   Data   RW         3448    .data               adc.o
    0x20000054   COMPRESSED   0x0000001c   Data   RW         3524    .data               math.o
    0x20000070   COMPRESSED   0x000000b0   Data   RW         3586    .data               observer.o
    0x20000120   COMPRESSED   0x00000018   Data   RW         3724    .data               svpwm.o
    0x20000138   COMPRESSED   0x00000004   Data   RW         3748    .data               currentsening.o
    0x2000013c   COMPRESSED   0x0000002a   Data   RW         3766    .data               smco.o


    Execution Region ER_ZI (Exec base: 0x20000168, Load base: 0x080037ac, Size: 0x00000840, Max: 0xffffffff, ABSOLUTE)

    Exec Addr    Load Addr    Size         Type   Attr      Idx    E Section Name        Object

    0x20000168        -       0x000000fe   Zero   RW          366    .bss                usart.o
    0x20000266   0x080037ac   0x00000002   PAD
    0x20000268        -       0x00000060   Zero   RW         3407    .bss                control.o
    0x200002c8        -       0x00000080   Zero   RW         3585    .bss                observer.o
    0x20000348        -       0x00000060   Zero   RW         3877    .bss                c_w.l(libspace.o)
    0x200003a8        -       0x00000200   Zero   RW          429    HEAP                startup_stm32f10x_hd.o
    0x200005a8        -       0x00000400   Zero   RW          428    STACK               startup_stm32f10x_hd.o


==============================================================================

Image component sizes


      Code (inc. data)   RO Data    RW Data    ZI Data      Debug   Object Name

       420         22          0          8          0       1927   adc.o
       768        118          0         30         96       3633   control.o
       504         34          0          4          0        915   currentsening.o
       280         28          0          0          0       1424   gpio.o
       228         30          0          0          0     289761   main.o
       634         24        646         28          0       5520   math.o
       132         22          0          0          0       1403   misc.o
      2760        452          0        176        128      12091   observer.o
       364         20          0          0          0       1983   piregulator.o
         0          0          0         42          0       2831   smco.o
        64         26        304          0       1536        764   startup_stm32f10x_hd.o
       554         24          0          0          0      10962   stm32f10x_adc.o
        32          6          0          0          0        516   stm32f10x_dbgmcu.o
       448          6          0          0          0       4207   stm32f10x_gpio.o
        24          0          0          0          0       2948   stm32f10x_it.o
       332         44          0         20          0       5253   stm32f10x_rcc.o
      1034         92          0          0          0      10677   stm32f10x_tim.o
       434          6          0          0          0       5332   stm32f10x_usart.o
      1348         60          0         24          0       1513   svpwm.o
         0          0          0          0          0         32   sys.o
       328         28          0         20          0       1877   system_stm32f10x.o
       360          8          0          0          0       1580   time_pwm.o
       494         40          0          6        254       5437   usart.o

    ----------------------------------------------------------------------
     11560       1090        984        360       2016     372586   Object Totals
         0          0         32          0          0          0   (incl. Generated)
        18          0          2          2          2          0   (incl. Padding)

    ----------------------------------------------------------------------

      Code (inc. data)   RO Data    RW Data    ZI Data      Debug   Library Member Name

        90          0          0          0          0          0   __dczerorl2.o
         8          0          0          0          0         68   __main.o
         0          0          0          0          0          0   __rtentry.o
        12          0          0          0          0          0   __rtentry2.o
         6          0          0          0          0          0   __rtentry4.o
        52          8          0          0          0          0   __scatter.o
        28          0          0          0          0          0   __scatter_zi.o
        18          0          0          0          0         80   exit.o
         6          0          0          0          0        152   heapauxi.o
         2          0          0          0          0          0   libinit.o
         2          0          0          0          0          0   libinit2.o
         2          0          0          0          0          0   libshutdown.o
         2          0          0          0          0          0   libshutdown2.o
         8          4          0          0         96         68   libspace.o
         2          0          0          0          0          0   rtexit.o
        10          0          0          0          0          0   rtexit2.o
        74          0          0          0          0         80   sys_stackheap_outer.o
         2          0          0          0          0         68   use_no_semi.o
         2          0          0          0          0         68   use_no_semi_2.o
       688        140          0          0          0        208   ddiv.o
        94          4          0          0          0         92   dfix.o
        46          0          0          0          0         68   dflt_clz.o
       340         12          0          0          0        104   dmul.o
       156          4          0          0          0         92   dnaninf.o
        12          0          0          0          0         68   dretinf.o
         0          0          0          0          0          0   usenofp.o

    ----------------------------------------------------------------------
      1668        172          0          0         96       1216   Library Totals
         6          0          0          0          0          0   (incl. Padding)

    ----------------------------------------------------------------------

      Code (inc. data)   RO Data    RW Data    ZI Data      Debug   Library Name

       326         12          0          0         96        584   c_w.l
      1336        160          0          0          0        632   fz_ws.l

    ----------------------------------------------------------------------
      1668        172          0          0         96       1216   Library Totals

    ----------------------------------------------------------------------

==============================================================================


      Code (inc. data)   RO Data    RW Data    ZI Data      Debug   

     13228       1262        984        360       2112     367870   Grand Totals
     13228       1262        984         40       2112     367870   ELF Image Totals (compressed)
     13228       1262        984         40          0          0   ROM Totals

==============================================================================

    Total RO  Size (Code + RO Data)                14212 (  13.88kB)
    Total RW  Size (RW Data + ZI Data)              2472 (   2.41kB)
    Total ROM Size (Code + RO Data + RW Data)      14252 (  13.92kB)

==============================================================================

